<html>
<body>
<pre>
<h1>礦ision Build Log</h1>
<h2>Project:</h2>
D:\STM32\平衡车\2. 调试代码\MiniBalanceCar\SourceCode\Project\MiniBalanceCar.uvproj
Project File Date:  03/17/2017

<h2>Output:</h2>
Build target 'MiniBalanceCar'
compiling main.c...
compiling stm32f10x_it.c...
linking...
Program Size: Code=29408 RO-data=3800 RW-data=160 ZI-data=1056  
FromELF: creating hex file...
"..\Output\MiniBalanceCar.axf" - 0 Error(s), 0 Warning(s).
Load "..\\Output\\MiniBalanceCar.axf" 
Set JLink Project File to "D:\STM32\平衡车\2. 调试代码\MiniBalanceCar\SourceCode\Project\JLinkSettings.ini"
* JLink Info: Device "STM32F103ZE" selected (512 KB flash, 64 KB RAM).
 
JLink info:
------------
DLL: V4.80g, compiled Feb 13 2014 20:50:02
Firmware: J-Link ARM V8 compiled Nov 28 2014 13:44:46
Hardware: V8.00
S/N : 270676280 
Feature(s) : RDI,FlashDL,FlashBP,JFlash,GDBFULL 
 
* JLink Info: TotalIRLen = 9, IRPrint = 0x0011
* JLink Info: TotalIRLen = 9, IRPrint = 0x0011
* JLink Info: Found Cortex-M3 r1p1, Little endian.
* JLink Info: FPUnit: 6 code (BP) slots and 2 literal slots
* JLink Info: TPIU fitted.
* JLink Info: ETM fitted.
ROMTableAddr = 0xE00FF003
 
Target info:
------------
Device: STM32F103ZE
VTarget = 3.300V
State of Pins: 
TCK: 1, TDI: 0, TDO: 1, TMS: 0, TRES: 1, TRST: 1
Hardware-Breakpoints: 6
Software-Breakpoints: 8192
Watchpoints:          4
JTAG speed: 2000 kHz
 
Erase Done.
Programming Done.
Verify OK.
</pre>
</body>
</html>
ct File to "D:\STM32\平衡车\2. 调试代码\MiniBalanceCar\SourceCode\Project\JLinkSettings.ini"
* JLink Info: Device "STM32F103ZE" selected (512 KB flash, 64 KB RAM).
 
JLink info:
------------
DLL: V4.80g, compiled Feb 13 2014 20:50:02
Firmware: J-Link ARM V8 compiled Nov 28 2014 13:44:46
Hardware: V8.00
S/N : 270676280 
Feature(s) : RDI,FlashDL,FlashBP,JFlash,GDBFULL 
 
* JLink Info: TotalIRLen = 9, IRPrint = 0x0011
* JLink Info: TotalIRLen = 9, IRPrint = 0x0011
* JLink Info: Found Cortex-M3 r1p1, Little endian.
* JLink Info: FPUnit: 6 code (BP) slots and 2 literal slots
* JLink Info: TPIU fitted.
* JLink Info: ETM fitted.
ROMTableAddr = 0xE00FF003
 
Target info:
------------
Device: STM32F103ZE
VTarget = 3.300V
State of Pins: 
TCK: 1, TDI: 0, TDO: 1, TMS: 0, TRES: 1, TRST: 1
Hardware-Breakpoints: 6
Software-Breakpoints: 8192
Watchpoints:          4
JTAG speed: 2000 kHz
 
Erase Done.
Programming Done.
Verify OK.
T\ANO_DT.c(278): error:  #20: identifier "ctrl_1" is undefined
          ctrl_1.PID[PID4].kp   = 0.001*( (vs16)(*(data_buf+4)<<8)|*(data_buf+5) );
..\User\ANO_DT\ANO_DT.c(278): error:  #20: identifier "PID4" is undefined
          ctrl_1.PID[PID4].kp   = 0.001*( (vs16)(*(data_buf+4)<<8)|*(data_buf+5) );
..\User\ANO_DT\ANO_DT.c(281): error:  #20: identifier "PID5" is undefined
          ctrl_1.PID[PID5].kp   = 0.001*( (vs16)(*(data_buf+10)<<8)|*(data_buf+11) );
..\User\ANO_DT\ANO_DT.c(284): error:  #20: identifier "PID6" is undefined
          ctrl_1.PID[PID6].kp     = 0.001*( (vs16)(*(data_buf+16)<<8)|*(data_buf+17) );
..\User\ANO_DT\ANO_DT.c(288): warning:  #223-D: function "Param_SavePID" declared implicitly
                                Param_SavePID();
..\User\ANO_DT\ANO_DT.c(292): error:  #20: identifier "ctrl_2" is undefined
          ctrl_2.PID[PIDROLL].kp  = 0.001*( (vs16)(*(data_buf+4)<<8)|*(data_buf+5) );
..\User\ANO_DT\ANO_DT.c(292): error:  #20: identifier "PIDROLL" is undefined
          ctrl_2.PID[PIDROLL].kp  = 0.001*( (vs16)(*(data_buf+4)<<8)|*(data_buf+5) );
..\User\ANO_DT\ANO_DT.c(295): error:  #20: identifier "PIDPITCH" is undefined
          ctrl_2.PID[PIDPITCH].kp = 0.001*( (vs16)(*(data_buf+10)<<8)|*(data_buf+11) );
..\User\ANO_DT\ANO_DT.c(298): error:  #20: identifier "PIDYAW" is undefined
          ctrl_2.PID[PIDYAW].kp         = 0.001*( (vs16)(*(data_buf+16)<<8)|*(data_buf+17) );
..\User\ANO_DT\ANO_DT.c(302): warning:  #223-D: function "Param_SavePID" declared implicitly
                                Param_SavePID();
..\User\ANO_DT\ANO_DT.c: 5 warnings, 21 errors
"..\Output\MiniBalanceCar.axf" - 21 Error(s), 5 Warning(s).
Target not created
                      Param_SavePID();
..\User\ANO_DT\ANO_DT.c(292): error:  #20: identifier "ctrl_2" is undefined
          ctrl_2.PID[PIDROLL].kp  = 0.001*( (vs16)(*(data_buf+4)<<8)|*(data_buf+5) );
..\User\ANO_DT\ANO_DT.c(292): error:  #20: identifier "PIDROLL" is undefined
          ctrl_2.PID[PIDROLL].kp  = 0.001*( (vs16)(*(data_buf+4)<<8)|*(data_buf+5) );
..\User\ANO_DT\ANO_DT.c(295): error:  #20: identifier "PIDPITCH" is undefined
          ctrl_2.PID[PIDPITCH].kp = 0.001*( (vs16)(*(data_buf+10)<<8)|*(data_buf+11) );
..\User\ANO_DT\ANO_DT.c(298): error:  #20: identifier "PIDYAW" is undefined
          ctrl_2.PID[PIDYAW].kp         = 0.001*( (vs16)(*(data_buf+16)<<8)|*(data_buf+17) );
..\User\ANO_DT\ANO_DT.c(302): warning:  #223-D: function "Param_SavePID" declared implicitly
                                Param_SavePID();
..\User\ANO_DT\ANO_DT.c: 5 warnings, 23 errors
"..\Output\MiniBalanceCar.axf" - 23 Error(s), 5 Warning(s).
Target not created
.c(288): warning:  #223-D: function "Param_SavePID" declared implicitly
                                Param_SavePID();
..\User\ANO_DT\ANO_DT.c(292): error:  #20: identifier "ctrl_2" is undefined
          ctrl_2.PID[PIDROLL].kp  = 0.001*( (vs16)(*(data_buf+4)<<8)|*(data_buf+5) );
..\User\ANO_DT\ANO_DT.c(292): error:  #20: identifier "PIDROLL" is undefined
          ctrl_2.PID[PIDROLL].kp  = 0.001*( (vs16)(*(data_buf+4)<<8)|*(data_buf+5) );
..\User\ANO_DT\ANO_DT.c(295): error:  #20: identifier "PIDPITCH" is undefined
          ctrl_2.PID[PIDPITCH].kp = 0.001*( (vs16)(*(data_buf+10)<<8)|*(data_buf+11) );
..\User\ANO_DT\ANO_DT.c(298): error:  #20: identifier "PIDYAW" is undefined
          ctrl_2.PID[PIDYAW].kp         = 0.001*( (vs16)(*(data_buf+16)<<8)|*(data_buf+17) );
..\User\ANO_DT\ANO_DT.c(302): warning:  #223-D: function "Param_SavePID" declared implicitly
                                Param_SavePID();
..\User\ANO_DT\ANO_DT.c: 5 warnings, 28 errors
"..\Output\MiniBalanceCar.axf" - 28 Error(s), 5 Warning(s).
Target not created
" is undefined
          ctrl_2.PID[PIDYAW].kp         = 0.001*( (vs16)(*(data_buf+16)<<8)|*(data_buf+17) );
..\User\ANO_DT\ANO_DT.c: 4 warnings, 30 errors
"..\Output\MiniBalanceCar.axf" - 30 Error(s), 4 Warning(s).
Target not created
