ARM Linker, 5.03 [Build 76] [MDK-ARM Standard]

==============================================================================

Section Cross References

    startup_stm32f10x_hd.o(RESET) refers to startup_stm32f10x_hd.o(STACK) for __initial_sp
    startup_stm32f10x_hd.o(RESET) refers to startup_stm32f10x_hd.o(.text) for Reset_Handler
    startup_stm32f10x_hd.o(RESET) refers to stm32f10x_it.o(.text) for NMI_Handler
    startup_stm32f10x_hd.o(RESET) refers to encoder.o(.text) for TIM2_IRQHandler
    startup_stm32f10x_hd.o(.text) refers to system_stm32f10x.o(.text) for SystemInit
    startup_stm32f10x_hd.o(.text) refers to entry.o(.ARM.Collect$$$$00000000) for __main
    system_stm32f10x.o(.text) refers to system_stm32f10x.o(.data) for SystemCoreClock
    stm32f10x_adc.o(.text) refers to stm32f10x_rcc.o(.text) for RCC_APB2PeriphResetCmd
    stm32f10x_bkp.o(.text) refers to stm32f10x_rcc.o(.text) for RCC_BackupResetCmd
    stm32f10x_can.o(.text) refers to stm32f10x_rcc.o(.text) for RCC_APB1PeriphResetCmd
    stm32f10x_cec.o(.text) refers to stm32f10x_rcc.o(.text) for RCC_APB1PeriphResetCmd
    stm32f10x_dac.o(.text) refers to stm32f10x_rcc.o(.text) for RCC_APB1PeriphResetCmd
    stm32f10x_gpio.o(.text) refers to stm32f10x_rcc.o(.text) for RCC_APB2PeriphResetCmd
    stm32f10x_i2c.o(.text) refers to stm32f10x_rcc.o(.text) for RCC_APB1PeriphResetCmd
    stm32f10x_pwr.o(.text) refers to stm32f10x_rcc.o(.text) for RCC_APB1PeriphResetCmd
    stm32f10x_rcc.o(.text) refers to stm32f10x_rcc.o(.data) for APBAHBPrescTable
    stm32f10x_spi.o(.text) refers to stm32f10x_rcc.o(.text) for RCC_APB2PeriphResetCmd
    stm32f10x_tim.o(.text) refers to stm32f10x_rcc.o(.text) for RCC_APB2PeriphResetCmd
    stm32f10x_usart.o(.text) refers to stm32f10x_rcc.o(.text) for RCC_APB2PeriphResetCmd
    stm32f10x_wwdg.o(.text) refers to stm32f10x_rcc.o(.text) for RCC_APB1PeriphResetCmd
    main.o(.text) refers to led.o(.text) for LED_GPIO_Config
    main.o(.text) refers to usart1.o(.text) for USART1_Config
    main.o(.text) refers to motor.o(.text) for Motor_GPIO_Config
    main.o(.text) refers to encoder.o(.text) for Encoder_Init_TIM2
    main.o(.text) refers to systick.o(.text) for SysTick_Init
    main.o(.text) refers to mpu6050.o(.text) for MPU6050_Init
    main.o(.text) refers to printf8.o(i.__0printf$8) for __2printf
    main.o(.text) refers to timer6.o(.text) for TIMER6_Config
    main.o(.text) refers to ffixi.o(.text) for __aeabi_f2iz
    main.o(.text) refers to mpu6050.o(.data) for Pitch
    led.o(.text) refers to stm32f10x_rcc.o(.text) for RCC_APB2PeriphClockCmd
    led.o(.text) refers to stm32f10x_gpio.o(.text) for GPIO_Init
    usart1.o(.text) refers to misc.o(.text) for NVIC_PriorityGroupConfig
    usart1.o(.text) refers to stm32f10x_rcc.o(.text) for RCC_APB2PeriphClockCmd
    usart1.o(.text) refers to stm32f10x_gpio.o(.text) for GPIO_Init
    usart1.o(.text) refers to stm32f10x_usart.o(.text) for USART_Init
    stm32f10x_it.o(.text) refers to systick.o(.text) for TimingDelay_Decrement
    stm32f10x_it.o(.text) refers to stm32f10x_usart.o(.text) for USART_GetITStatus
    stm32f10x_it.o(.text) refers to stm32f10x_tim.o(.text) for TIM_GetITStatus
    stm32f10x_it.o(.text) refers to mpu6050.o(.text) for MPU6050_Refresh_Pose
    stm32f10x_it.o(.text) refers to usart1.o(.data) for BUF_RX_CH
    stm32f10x_it.o(.text) refers to stm32f10x_it.o(.data) for TIM6_count
    timer6.o(.text) refers to misc.o(.text) for NVIC_PriorityGroupConfig
    timer6.o(.text) refers to stm32f10x_rcc.o(.text) for RCC_APB1PeriphClockCmd
    timer6.o(.text) refers to stm32f10x_tim.o(.text) for TIM_TimeBaseInit
    motor.o(.text) refers to stm32f10x_rcc.o(.text) for RCC_APB2PeriphClockCmd
    motor.o(.text) refers to stm32f10x_gpio.o(.text) for GPIO_Init
    motor.o(.text) refers to stm32f10x_tim.o(.text) for TIM_TimeBaseInit
    motor.o(.text) refers to cfrcmple.o(.text) for __aeabi_cfrcmple
    motor.o(.text) refers to f2d.o(.text) for __aeabi_f2d
    motor.o(.text) refers to cdrcmple.o(.text) for __aeabi_cdrcmple
    motor.o(.text) refers to fmul.o(.text) for __aeabi_fmul
    motor.o(.text) refers to fadd.o(.text) for __aeabi_fadd
    motor.o(.text) refers to ffixui.o(.text) for __aeabi_f2uiz
    encoder.o(.text) refers to stm32f10x_rcc.o(.text) for RCC_APB1PeriphClockCmd
    encoder.o(.text) refers to stm32f10x_gpio.o(.text) for GPIO_Init
    encoder.o(.text) refers to stm32f10x_tim.o(.text) for TIM_TimeBaseStructInit
    systick.o(.text) refers to system_stm32f10x.o(.data) for SystemCoreClock
    systick.o(.text) refers to systick.o(.data) for TimingDelay
    i2c.o(.text) refers to stm32f10x_rcc.o(.text) for RCC_APB1PeriphClockCmd
    i2c.o(.text) refers to stm32f10x_gpio.o(.text) for GPIO_Init
    i2c.o(.text) refers to stm32f10x_i2c.o(.text) for I2C_Init
    inv_mpu.o(.text) refers to i2c.o(.text) for IIC_Write_Buffer
[...]
    sqrt_x.o(i.__sqrt$lsc) refers (Special) to iusefp.o(.text) for __I$use$fp
    sqrt_x.o(i.__sqrt$lsc) refers to cdcmple.o(.text) for __aeabi_cdcmple
    sqrt_x.o(i.__sqrt$lsc) refers to errno.o(i.__set_errno) for __set_errno
    sqrt_x.o(i.__sqrt$lsc) refers to dsqrt.o(.text) for _dsqrt
    entry2.o(.ARM.Collect$$$$00000001) refers to entry2.o(.ARM.Collect$$$$00002712) for __lit__00000000
    entry2.o(.ARM.Collect$$$$00002712) refers to startup_stm32f10x_hd.o(STACK) for __initial_sp
    entry2.o(__vectab_stack_and_reset_area) refers to startup_stm32f10x_hd.o(STACK) for __initial_sp
    entry2.o(__vectab_stack_and_reset_area) refers to entry.o(.ARM.Collect$$$$00000000) for __main
    entry5.o(.ARM.Collect$$$$00000004) refers to init.o(.text) for __scatterload
    entry9a.o(.ARM.Collect$$$$0000000B) refers to main.o(.text) for main
    entry9b.o(.ARM.Collect$$$$0000000C) refers to main.o(.text) for main
    uldiv.o(.text) refers to llushr.o(.text) for __aeabi_llsr
    uldiv.o(.text) refers to llshl.o(.text) for __aeabi_llsl
    errno.o(i.__aeabi_errno_addr) refers to errno.o(.data) for .data
    errno.o(i.__read_errno) refers to errno.o(.data) for .data
    errno.o(i.__set_errno) refers to errno.o(.data) for .data
    depilogue.o(.text) refers to llshl.o(.text) for __aeabi_llsl
    depilogue.o(.text) refers to llushr.o(.text) for __aeabi_llsr
    dadd.o(.text) refers to llshl.o(.text) for __aeabi_llsl
    dadd.o(.text) refers to llsshr.o(.text) for __aeabi_lasr
    dadd.o(.text) refers to depilogue.o(.text) for _double_epilogue
    ddiv.o(.text) refers to depilogue.o(.text) for _double_round
    dfixul.o(.text) refers to llushr.o(.text) for __aeabi_llsr
    dfixul.o(.text) refers to llshl.o(.text) for __aeabi_llsl
    init.o(.text) refers to entry5.o(.ARM.Collect$$$$00000004) for __main_after_scatterload
    dsqrt.o(.text) refers to llushr.o(.text) for __aeabi_llsr
    dsqrt.o(.text) refers to depilogue.o(.text) for _double_round


==============================================================================

Removing Unused input sections from the image.

    Removing startup_stm32f10x_hd.o(HEAP), (512 bytes).
    Removing core_cm3.o(.emb_text), (32 bytes).
    Removing stm32f10x_adc.o(.text), (1102 bytes).
    Removing stm32f10x_bkp.o(.text), (196 bytes).
    Removing stm32f10x_can.o(.text), (2540 bytes).
    Removing stm32f10x_cec.o(.text), (288 bytes).
    Removing stm32f10x_crc.o(.text), (72 bytes).
    Removing stm32f10x_dac.o(.text), (396 bytes).
    Removing stm32f10x_dbgmcu.o(.text), (48 bytes).
    Removing stm32f10x_dma.o(.text), (592 bytes).
    Removing stm32f10x_exti.o(.text), (284 bytes).
    Removing stm32f10x_flash.o(.text), (1468 bytes).
    Removing stm32f10x_fsmc.o(.text), (1560 bytes).
    Removing stm32f10x_iwdg.o(.text), (64 bytes).
    Removing stm32f10x_pwr.o(.text), (204 bytes).
    Removing stm32f10x_rtc.o(.text), (324 bytes).
    Removing stm32f10x_sdio.o(.text), (472 bytes).
    Removing stm32f10x_spi.o(.text), (780 bytes).
    Removing stm32f10x_wwdg.o(.text), (136 bytes).
    Removing dfixul.o(.text), (48 bytes).
    Removing cdcmple.o(.text), (40 bytes).

21 unused section(s) (total 11158 bytes) removed from the image.

==============================================================================

Image Symbol Table

    Local Symbols

    Symbol Name                              Value     Ov Type        Size  Object(Section)

    ../clib/microlib/division.c              0x00000000   Number         0  ldiv.o ABSOLUTE
    ../clib/microlib/division.c              0x00000000   Number         0  uidiv.o ABSOLUTE
    ../clib/microlib/division.c              0x00000000   Number         0  uldiv.o ABSOLUTE
    ../clib/microlib/errno.c                 0x00000000   Number         0  errno.o ABSOLUTE
    ../clib/microlib/init/entry.s            0x00000000   Number         0  entry8b.o ABSOLUTE
    ../clib/microlib/init/entry.s            0x00000000   Number         0  entry5.o ABSOLUTE
    ../clib/microlib/init/entry.s            0x00000000   Number         0  entry7a.o ABSOLUTE
    ../clib/microlib/init/entry.s            0x00000000   Number         0  entry7b.o ABSOLUTE
    ../clib/microlib/init/entry.s            0x00000000   Number         0  entry8a.o ABSOLUTE
    ../clib/microlib/init/entry.s            0x00000000   Number         0  entry9b.o ABSOLUTE
    ../clib/microlib/init/entry.s            0x00000000   Number         0  entry9a.o ABSOLUTE
    ../clib/microlib/init/entry.s            0x00000000   Number         0  entry10a.o ABSOLUTE
    ../clib/microlib/init/entry.s            0x00000000   Number         0  entry2.o ABSOLUTE
    ../clib/microlib/init/entry.s            0x00000000   Number         0  entry10b.o ABSOLUTE
    ../clib/microlib/init/entry.s            0x00000000   Number         0  entry11a.o ABSOLUTE
    ../clib/microlib/init/entry.s            0x00000000   Number         0  entry11b.o ABSOLUTE
    ../clib/microlib/init/entry.s            0x00000000   Number         0  entry.o ABSOLUTE
    ../clib/microlib/longlong.c              0x00000000   Number         0  llshl.o ABSOLUTE
    ../clib/microlib/longlong.c              0x00000000   Number         0  llsshr.o ABSOLUTE
    ../clib/microlib/longlong.c              0x00000000   Number         0  llushr.o ABSOLUTE
    ../clib/microlib/printf/printf.c         0x00000000   Number         0  printf3.o ABSOLUTE
    ../clib/microlib/printf/printf.c         0x00000000   Number         0  printf0.o ABSOLUTE
    ../clib/microlib/printf/printf.c         0x00000000   Number         0  printf2.o ABSOLUTE
    ../clib/microlib/printf/printf.c         0x00000000   Number         0  printfb.o ABSOLUTE
    ../clib/microlib/printf/printf.c         0x00000000   Number         0  printf4.o ABSOLUTE
    ../clib/microlib/printf/printf.c         0x00000000   Number         0  printf5.o ABSOLUTE
    ../clib/microlib/printf/printf.c         0x00000000   Number         0  printf8.o ABSOLUTE
    ../clib/microlib/printf/printf.c         0x00000000   Number         0  printfa.o ABSOLUTE
    ../clib/microlib/printf/printf.c         0x00000000   Number         0  printf7.o ABSOLUTE
    ../clib/microlib/printf/printf.c         0x00000000   Number         0  printf1.o ABSOLUTE
    ../clib/microlib/printf/printf.c         0x00000000   Number         0  printf6.o ABSOLUTE
    ../clib/microlib/printf/stubs.s          0x00000000   Number         0  stubs.o ABSOLUTE
    ../clib/microlib/stdio/streams.c         0x00000000   Number         0  stdout.o ABSOLUTE
    ../clib/microlib/string/memcmp.c         0x00000000   Number         0  memcmp.o ABSOLUTE
    ../clib/microlib/string/memset.c         0x00000000   Number         0  memseta.o ABSOLUTE
    ../clib/microlib/stubs.s                 0x00000000   Number         0  iusefp.o ABSOLUTE
    ../fplib/microlib/d2f.c                  0x00000000   Number         0  d2f.o ABSOLUTE
    ../fplib/microlib/f2d.c                  0x00000000   Number         0  f2d.o ABSOLUTE
    ../fplib/microlib/fpadd.c                0x00000000   Number         0  fadd.o ABSOLUTE
    ../fplib/microlib/fpadd.c                0x00000000   Number         0  dadd.o ABSOLUTE
    ../fplib/microlib/fpdiv.c                0x00000000   Number         0  fdiv.o ABSOLUTE
    ../fplib/microlib/fpdiv.c                0x00000000   Number         0  ddiv.o ABSOLUTE
    ../fplib/microlib/fpepilogue.c           0x00000000   Number         0  depilogue.o ABSOLUTE
    ../fplib/microlib/fpepilogue.c           0x00000000   Number         0  fepilogue.o ABSOLUTE
    ../fplib/microlib/fpfix.c                0x00000000   Number         0  ffixui.o ABSOLUTE
    ../fplib/microlib/fpfix.c                0x00000000   Number         0  ffixi.o ABSOLUTE
    ../fplib/microlib/fpfix.c                0x00000000   Number         0  dfixul.o ABSOLUTE
    ../fplib/microlib/fpflt.c                0x00000000   Number         0  fflti.o ABSOLUTE
    ../fplib/microlib/fpflt.c                0x00000000   Number         0  ffltui.o ABSOLUTE
    ../fplib/microlib/fpmul.c                0x00000000   Number         0  fmul.o ABSOLUTE
    ../fplib/microlib/fpmul.c                0x00000000   Number         0  dmul.o ABSOLUTE
    ../fplib/microlib/fpscalb.c              0x00000000   Number         0  dscalb.o ABSOLUTE
    ../fplib/microlib/fpsqrt.c               0x00000000   Number         0  dsqrt.o ABSOLUTE
    ../mathlib/asin.c                        0x00000000   Number         0  asin_x.o ABSOLUTE
    ../mathlib/asin.c                        0x00000000   Number         0  asin.o ABSOLUTE
    ../mathlib/atan.c                        0x00000000   Number         0  atan_x.o ABSOLUTE
    ../mathlib/atan.c                        0x00000000   Number         0  atan.o ABSOLUTE
    ../mathlib/atan2.c                       0x00000000   Number         0  atan2.o ABSOLUTE
    ../mathlib/atan2.c                       0x00000000   Number         0  atan2_x.o ABSOLUTE
    ../mathlib/dunder.c                      0x00000000   Number         0  dunder.o ABSOLUTE
    ../mathlib/fpclassify.c                  0x00000000   Number         0  fpclassify.o ABSOLUTE
    ../mathlib/poly.c                        0x00000000   Number         0  poly.o ABSOLUTE
    ../mathlib/qnan.c                        0x00000000   Number         0  qnan.o ABSOLUTE
    ../mathlib/sqrt.c                        0x00000000   Number         0  sqrt_x.o ABSOLUTE
    ../mathlib/sqrt.c                        0x00000000   Number         0  sqrt.o ABSOLUTE
    ..\Libraries\CMSIS\core_cm3.c            0x00000000   Number         0  core_cm3.o ABSOLUTE
    ..\Libraries\CMSIS\startup\startup_stm32f10x_hd.s 0x00000000   Number         0  startup_stm32f10x_hd.o ABSOLUTE
    ..\Libraries\CMSIS\system_stm32f10x.c    0x00000000   Number         0  system_stm32f10x.o ABSOLUTE
    ..\Libraries\FWlib\src\misc.c            0x00000000   Number         0  misc.o ABSOLUTE
    ..\Libraries\FWlib\src\stm32f10x_adc.c   0x00000000   Number         0  stm32f10x_adc.o ABSOLUTE
    ..\Libraries\FWlib\src\stm32f10x_bkp.c   0x00000000   Number         0  stm32f10x_bkp.o ABSOLUTE
    ..\Libraries\FWlib\src\stm32f10x_can.c   0x00000000   Number         0  stm32f10x_can.o ABSOLUTE
    ..\Libraries\FWlib\src\stm32f10x_cec.c   0x00000000   Number         0  stm32f10x_cec.o ABSOLUTE
    ..\Libraries\FWlib\src\stm32f10x_crc.c   0x00000000   Number         0  stm32f10x_crc.o ABSOLUTE
    ..\Libraries\FWlib\src\stm32f10x_dac.c   0x00000000   Number         0  stm32f10x_dac.o ABSOLUTE
    ..\Libraries\FWlib\src\stm32f10x_dbgmcu.c 0x00000000   Number         0  stm32f10x_dbgmcu.o ABSOLUTE
    ..\Libraries\FWlib\src\stm32f10x_dma.c   0x00000000   Number         0  stm32f10x_dma.o ABSOLUTE
    ..\Libraries\FWlib\src\stm32f10x_exti.c  0x00000000   Number         0  stm32f10x_exti.o ABSOLUTE
    ..\Libraries\FWlib\src\stm32f10x_flash.c 0x00000000   Number         0  stm32f10x_flash.o ABSOLUTE
    ..\Libraries\FWlib\src\stm32f10x_fsmc.c  0x00000000   Number         0  stm32f10x_fsmc.o ABSOLUTE
    ..\Libraries\FWlib\src\stm32f10x_gpio.c  0x00000000   Number         0  stm32f10x_gpio.o ABSOLUTE
    ..\Libraries\FWlib\src\stm32f10x_i2c.c   0x00000000   Number         0  stm32f10x_i2c.o ABSOLUTE
    ..\Libraries\FWlib\src\stm32f10x_iwdg.c  0x00000000   Number         0  stm32f10x_iwdg.o ABSOLUTE
    ..\Libraries\FWlib\src\stm32f10x_pwr.c   0x00000000   Number         0  stm32f10x_pwr.o ABSOLUTE
    ..\Libraries\FWlib\src\stm32f10x_rcc.c   0x00000000   Number         0  stm32f10x_rcc.o ABSOLUTE
    ..\Libraries\FWlib\src\stm32f10x_rtc.c   0x00000000   Number         0  stm32f10x_rtc.o ABSOLUTE
    ..\Libraries\FWlib\src\stm32f10x_sdio.c  0x00000000   Number         0  stm32f10x_sdio.o ABSOLUTE
    ..\Libraries\FWlib\src\stm32f10x_spi.c   0x00000000   Number         0  stm32f10x_spi.o ABSOLUTE
    ..\Libraries\FWlib\src\stm32f10x_tim.c   0x00000000   Number         0  stm32f10x_tim.o ABSOLUTE
    ..\Libraries\FWlib\src\stm32f10x_usart.c 0x00000000   Number         0  stm32f10x_usart.o ABSOLUTE
    ..\Libraries\FWlib\src\stm32f10x_wwdg.c  0x00000000   Number         0  stm32f10x_wwdg.o ABSOLUTE
    ..\User\ENCODER\ENCODER.c                0x00000000   Number         0  encoder.o ABSOLUTE
    ..\User\I2C\I2C.c                        0x00000000   Number         0  i2c.o ABSOLUTE
    ..\User\LED\LED.c                        0x00000000   Number         0  led.o ABSOLUTE
    ..\User\MOTOR\MOTOR.c                    0x00000000   Number         0  motor.o ABSOLUTE
    ..\User\MPU6050\MPU6050.c                0x00000000   Number         0  mpu6050.o ABSOLUTE
    ..\User\MPU6050\inv_mpu.c                0x00000000   Number         0  inv_mpu.o ABSOLUTE
    ..\User\MPU6050\inv_mpu_dmp_motion_driver.c 0x00000000   Number         0  inv_mpu_dmp_motion_driver.o ABSOLUTE
    ..\User\SysTick\SysTick.c                0x00000000   Number         0  systick.o ABSOLUTE
    ..\User\TIMER6\TIMER6.c                  0x00000000   Number         0  timer6.o ABSOLUTE
    ..\User\USART1\USART1.c                  0x00000000   Number         0  usart1.o ABSOLUTE
    ..\User\main.c                           0x00000000   Number         0  main.o ABSOLUTE
    ..\User\stm32f10x_it.c                   0x00000000   Number         0  stm32f10x_it.o ABSOLUTE
    ..\\Libraries\\CMSIS\\core_cm3.c         0x00000000   Number         0  core_cm3.o ABSOLUTE
    cdcmple.s                                0x00000000   Number         0  cdcmple.o ABSOLUTE
    cdrcmple.s                               0x00000000   Number         0  cdrcmple.o ABSOLUTE
    cfcmple.s                                0x00000000   Number         0  cfcmple.o ABSOLUTE
    cfrcmple.s                               0x00000000   Number         0  cfrcmple.o ABSOLUTE
    dc.s                                     0x00000000   Number         0  dc.o ABSOLUTE
    handlers.s                               0x00000000   Number         0  handlers.o ABSOLUTE
    init.s                                   0x00000000   Number         0  init.o ABSOLUTE
    RESET                                    0x08000000   Section      304  startup_stm32f10x_hd.o(RESET)
    .ARM.Collect$$$$00000000                 0x08000130   Section        0  entry.o(.ARM.Collect$$$$00000000)
    .ARM.Collect$$$$00000001                 0x08000130   Section        4  entry2.o(.ARM.Collect$$$$00000001)
    .ARM.Collect$$$$00000004                 0x08000134   Section        4  entry5.o(.ARM.Collect$$$$00000004)
    .ARM.Collect$$$$00000008                 0x08000138   Section        0  entry7b.o(.ARM.Collect$$$$00000008)
    .ARM.Collect$$$$0000000A                 0x08000138   Section        0  entry8b.o(.ARM.Collect$$$$0000000A)
    .ARM.Collect$$$$0000000B                 0x08000138   Section        8  entry9a.o(.ARM.Collect$$$$0000000B)
    .ARM.Collect$$$$0000000D                 0x08000140   Section        0  entry10a.o(.ARM.Collect$$$$0000000D)
    .ARM.Collect$$$$0000000F                 0x08000140   Section        0  entry11a.o(.ARM.Collect$$$$0000000F)
    .ARM.Collect$$$$00002712                 0x08000140   Section        4  entry2.o(.ARM.Collect$$$$00002712)
    __lit__00000000                          0x08000140   Data           4  entry2.o(.ARM.Collect$$$$00002712)
    .text                                    0x08000144   Section       36  startup_stm32f10x_hd.o(.text)
    .text                                    0x08000168   Section        0  system_stm32f10x.o(.text)
    SetSysClockTo72                          0x08000169   Thumb Code   212  system_stm32f10x.o(.text)
    SetSysClock                              0x0800023d   Thumb Code     8  system_stm32f10x.o(.text)
    .text                                    0x08000344   Section        0  misc.o(.text)
    .text                                    0x08000420   Section        0  stm32f10x_gpio.o(.text)
    .text                                    0x08000778   Section        0  stm32f10x_i2c.o(.text)
    .text                                    0x08000b7c   Section        0  stm32f10x_rcc.o(.text)
    .text                                    0x08000f20   Section        0  stm32f10x_tim.o(.text)
    TI4_Config                               0x080013c7   Thumb Code   130  stm32f10x_tim.o(.text)
    TI3_Config                               0x0800145b   Thumb Code   122  stm32f10x_tim.o(.text)
    TI2_Config                               0x080014ef   Thumb Code   130  stm32f10x_tim.o(.text)
    TI1_Config                               0x08001583   Thumb Code   108  stm32f10x_tim.o(.text)
    .text                                    0x08001d3c   Section        0  stm32f10x_usart.o(.text)
    .text                                    0x08002144   Section        0  main.o(.text)
    .text                                    0x080021c8   Section        0  led.o(.text)
    .text                                    0x08002200   Section        0  usart1.o(.text)
    NVIC_Configuration                       0x08002201   Thumb Code    42  usart1.o(.text)
    .text                                    0x08002334   Section        0  stm32f10x_it.o(.text)
    .text                                    0x080023c0   Section        0  timer6.o(.text)
    .text                                    0x08002434   Section        0  motor.o(.text)
    .text                                    0x08002668   Section        0  encoder.o(.text)
    .text                                    0x0800280c   Section        0  systick.o(.text)
    .text                                    0x080028cc   Section        0  i2c.o(.text)
    .text                                    0x08002ad8   Section        0  inv_mpu.o(.text)
    set_int_enable                           0x08002ad9   Thumb Code   138  inv_mpu.o(.text)
    get_accel_prod_shift                     0x08003d49   Thumb Code   168  inv_mpu.o(.text)
    accel_self_test                          0x08003df1   Thumb Code   160  inv_mpu.o(.text)
    gyro_self_test                           0x08003e91   Thumb Code   276  inv_mpu.o(.text)
    get_st_biases                            0x08003fa5   Thumb Code  1136  inv_mpu.o(.text)
    .text                                    0x08004988   Section        0  inv_mpu_dmp_motion_driver.o(.text)
    decode_gesture                           0x0800543d   Thumb Code    94  inv_mpu_dmp_motion_driver.o(.text)
    .text                                    0x080056f4   Section        0  mpu6050.o(.text)
    inv_row_2_scale                          0x080056f5   Thumb Code    78  mpu6050.o(.text)
    run_self_test                            0x08005743   Thumb Code   186  mpu6050.o(.text)
    .text                                    0x08005ec8   Section        0  ldiv.o(.text)
    .text                                    0x08005f22   Section        0  memseta.o(.text)
    .text                                    0x08005f46   Section        0  memcmp.o(.text)
    .text                                    0x08005f60   Section        0  fadd.o(.text)
    .text                                    0x08006010   Section        0  fmul.o(.text)
    .text                                    0x0800607c   Section        0  fdiv.o(.text)
    .text                                    0x080060fc   Section        0  dmul.o(.text)
    .text                                    0x080061e0   Section        0  fflti.o(.text)
    .text                                    0x080061f2   Section        0  ffltui.o(.text)
    .text                                    0x080061fc   Section        0  ffixi.o(.text)
    .text                                    0x0800622e   Section        0  ffixui.o(.text)
    .text                                    0x08006256   Section        0  f2d.o(.text)
    .text                                    0x0800627c   Section       40  cdrcmple.o(.text)
    .text                                    0x080062a4   Section        0  d2f.o(.text)
    .text                                    0x080062dc   Section       20  cfcmple.o(.text)
    .text                                    0x080062f0   Section       20  cfrcmple.o(.text)
    .text                                    0x08006304   Section        0  uldiv.o(.text)
    .text                                    0x08006366   Section        0  iusefp.o(.text)
    .text                                    0x08006366   Section        0  fepilogue.o(.text)
    .text                                    0x080063d2   Section        0  depilogue.o(.text)
    .text                                    0x08006490   Section        0  dadd.o(.text)
    .text                                    0x080065de   Section        0  ddiv.o(.text)
    .text                                    0x080066bc   Section        0  dscalb.o(.text)
    .text                                    0x080066ec   Section       36  init.o(.text)
    .text                                    0x08006710   Section        0  llshl.o(.text)
    .text                                    0x0800672e   Section        0  llushr.o(.text)
    .text                                    0x0800674e   Section        0  llsshr.o(.text)
    .text                                    0x08006772   Section        0  dsqrt.o(.text)
    i.__0printf$8                            0x08006814   Section        0  printf8.o(i.__0printf$8)
    i.__ARM_fpclassify                       0x08006834   Section        0  fpclassify.o(i.__ARM_fpclassify)
    i.__kernel_poly                          0x0800685c   Section        0  poly.o(i.__kernel_poly)
    i.__mathlib_dbl_underflow                0x08006908   Section        0  dunder.o(i.__mathlib_dbl_underflow)
    i.__scatterload_copy                     0x08006918   Section       14  handlers.o(i.__scatterload_copy)
    i.__scatterload_null                     0x08006926   Section        2  handlers.o(i.__scatterload_null)
    i.__scatterload_zeroinit                 0x08006928   Section       14  handlers.o(i.__scatterload_zeroinit)
    i.__set_errno                            0x08006938   Section        0  errno.o(i.__set_errno)
    i._printf_core                           0x08006944   Section        0  printf8.o(i._printf_core)
    _printf_core                             0x08006945   Thumb Code   988  printf8.o(i._printf_core)
    i._printf_post_padding                   0x08006d4c   Section        0  printf8.o(i._printf_post_padding)
    _printf_post_padding                     0x08006d4d   Thumb Code    38  printf8.o(i._printf_post_padding)
    i._printf_pre_padding                    0x08006d72   Section        0  printf8.o(i._printf_pre_padding)
    _printf_pre_padding                      0x08006d73   Thumb Code    48  printf8.o(i._printf_pre_padding)
    i.asin                                   0x08006da4   Section        0  asin.o(i.asin)
    i.atan                                   0x08007020   Section        0  atan.o(i.atan)
    i.atan2                                  0x08007244   Section        0  atan2.o(i.atan2)
    i.sqrt                                   0x080073c4   Section        0  sqrt.o(i.sqrt)
    .constdata                               0x08007410   Section      161  inv_mpu.o(.constdata)
    .constdata                               0x080074b1   Section     3062  inv_mpu_dmp_motion_driver.o(.constdata)
    dmp_memory                               0x080074b1   Data        3062  inv_mpu_dmp_motion_driver.o(.constdata)
    .constdata                               0x080080a8   Section       80  asin.o(.constdata)
    pS                                       0x080080a8   Data          48  asin.o(.constdata)
    qS                                       0x080080d8   Data          32  asin.o(.constdata)
    .constdata                               0x080080f8   Section      152  atan.o(.constdata)
    atanhi                                   0x080080f8   Data          32  atan.o(.constdata)
    atanlo                                   0x08008118   Data          32  atan.o(.constdata)
    aTodd                                    0x08008138   Data          40  atan.o(.constdata)
    aTeven                                   0x08008160   Data          48  atan.o(.constdata)
    .constdata                               0x08008190   Section        8  qnan.o(.constdata)
    .data                                    0x20000000   Section       20  system_stm32f10x.o(.data)
    .data                                    0x20000014   Section       20  stm32f10x_rcc.o(.data)
    APBAHBPrescTable                         0x20000014   Data          16  stm32f10x_rcc.o(.data)
    ADCPrescTable                            0x20000024   Data           4  stm32f10x_rcc.o(.data)
    .data                                    0x20000028   Section        1  usart1.o(.data)
    .data                                    0x20000029   Section        1  stm32f10x_it.o(.data)
    TIM6_count                               0x20000029   Data           1  stm32f10x_it.o(.data)
    .data                                    0x2000002c   Section        4  systick.o(.data)
    TimingDelay                              0x2000002c   Data           4  systick.o(.data)
    .data                                    0x20000030   Section       44  inv_mpu.o(.data)
    st                                       0x20000030   Data          44  inv_mpu.o(.data)
    .data                                    0x2000005c   Section       59  mpu6050.o(.data)
    gyro_orientation                         0x2000005c   Data           9  mpu6050.o(.data)
    .data                                    0x20000098   Section        4  stdout.o(.data)
    .data                                    0x2000009c   Section        4  errno.o(.data)
    _errno                                   0x2000009c   Data           4  errno.o(.data)
    .bss                                     0x200000a0   Section       16  inv_mpu_dmp_motion_driver.o(.bss)
    dmp                                      0x200000a0   Data          16  inv_mpu_dmp_motion_driver.o(.bss)
    .bss                                     0x200000b0   Section       16  mpu6050.o(.bss)
    STACK                                    0x200000c0   Section     1024  startup_stm32f10x_hd.o(STACK)

    Global Symbols

    Symbol Name                              Value     Ov Type        Size  Object(Section)

    BuildAttributes$$THM_ISAv4$P$D$K$B$S$PE$A:L22UL41UL21$X:L11$S22US41US21$IEEE1$IW$USESV6$~STKCKD$USESV7$~SHL$OTIME$ROPI$IEEEX$EBA8$MICROLIB$REQ8$PRES8$EABIv2 0x00000000   Number         0  anon$$obj.o ABSOLUTE
    __ARM_use_no_argv                        0x00000000   Number         0  main.o ABSOLUTE
    _printf_a                                0x00000000   Number         0  stubs.o ABSOLUTE
    _printf_c                                0x00000000   Number         0  stubs.o ABSOLUTE
    _printf_charcount                        0x00000000   Number         0  stubs.o ABSOLUTE
    _printf_d                                0x00000000   Number         0  stubs.o ABSOLUTE
    _printf_e                                0x00000000   Number         0  stubs.o ABSOLUTE
    _printf_f                                0x00000000   Number         0  stubs.o ABSOLUTE
    _printf_flags                            0x00000000   Number         0  stubs.o ABSOLUTE
    _printf_fp_dec                           0x00000000   Number         0  stubs.o ABSOLUTE
    _printf_fp_hex                           0x00000000   Number         0  stubs.o ABSOLUTE
    _printf_g                                0x00000000   Number         0  stubs.o ABSOLUTE
    _printf_i                                0x00000000   Number         0  stubs.o ABSOLUTE
    _printf_int_dec                          0x00000000   Number         0  stubs.o ABSOLUTE
    _printf_l                                0x00000000   Number         0  stubs.o ABSOLUTE
    _printf_lc                               0x00000000   Number         0  stubs.o ABSOLUTE
    _printf_ll                               0x00000000   Number         0  stubs.o ABSOLUTE
    _printf_lld                              0x00000000   Number         0  stubs.o ABSOLUTE
    _printf_lli                              0x00000000   Number         0  stubs.o ABSOLUTE
    _printf_llo                              0x00000000   Number         0  stubs.o ABSOLUTE
    _printf_llu                              0x00000000   Number         0  stubs.o ABSOLUTE
    _printf_llx                              0x00000000   Number         0  stubs.o ABSOLUTE
    _printf_longlong_dec                     0x00000000   Number         0  stubs.o ABSOLUTE
    _printf_longlong_hex                     0x00000000   Number         0  stubs.o ABSOLUTE
    _printf_longlong_oct                     0x00000000   Number         0  stubs.o ABSOLUTE
    _printf_ls                               0x00000000   Number         0  stubs.o ABSOLUTE
    _printf_mbtowc                           0x00000000   Number         0  stubs.o ABSOLUTE
    _printf_n                                0x00000000   Number         0  stubs.o ABSOLUTE
    _printf_o                                0x00000000   Number         0  stubs.o ABSOLUTE
    _printf_p                                0x00000000   Number         0  stubs.o ABSOLUTE
    _printf_percent                          0x00000000   Number         0  stubs.o ABSOLUTE
    _printf_pre_padding                      0x00000000   Number         0  stubs.o ABSOLUTE
    _printf_return_value                     0x00000000   Number         0  stubs.o ABSOLUTE
    _printf_s                                0x00000000   Number         0  stubs.o ABSOLUTE
    _printf_sizespec                         0x00000000   Number         0  stubs.o ABSOLUTE
    _printf_str                              0x00000000   Number         0  stubs.o ABSOLUTE
    _printf_truncate_signed                  0x00000000   Number         0  stubs.o ABSOLUTE
    _printf_truncate_unsigned                0x00000000   Number         0  stubs.o ABSOLUTE
    _printf_u                                0x00000000   Number         0  stubs.o ABSOLUTE
    _printf_wc                               0x00000000   Number         0  stubs.o ABSOLUTE
    _printf_wctomb                           0x00000000   Number         0  stubs.o ABSOLUTE
    _printf_widthprec                        0x00000000   Number         0  stubs.o ABSOLUTE
    _printf_x                                0x00000000   Number         0  stubs.o ABSOLUTE
    __cpp_initialize__aeabi_                  - Undefined Weak Reference
    __cxa_finalize                            - Undefined Weak Reference
    __decompress                              - Undefined Weak Reference
    _clock_init                               - Undefined Weak Reference
    _microlib_exit                            - Undefined Weak Reference
    __Vectors_Size                           0x00000130   Number         0  startup_stm32f10x_hd.o ABSOLUTE
    __Vectors                                0x08000000   Data           4  startup_stm32f10x_hd.o(RESET)
    __Vectors_End                            0x08000130   Data           0  startup_stm32f10x_hd.o(RESET)
    __main                                   0x08000131   Thumb Code     0  entry.o(.ARM.Collect$$$$00000000)
    _main_stk                                0x08000131   Thumb Code     0  entry2.o(.ARM.Collect$$$$00000001)
    _main_scatterload                        0x08000135   Thumb Code     0  entry5.o(.ARM.Collect$$$$00000004)
    __main_after_scatterload                 0x08000139   Thumb Code     0  entry5.o(.ARM.Collect$$$$00000004)
    _main_clock                              0x08000139   Thumb Code     0  entry7b.o(.ARM.Collect$$$$00000008)
    _main_cpp_init                           0x08000139   Thumb Code     0  entry8b.o(.ARM.Collect$$$$0000000A)
    _main_init                               0x08000139   Thumb Code     0  entry9a.o(.ARM.Collect$$$$0000000B)
    __rt_final_cpp                           0x08000141   Thumb Code     0  entry10a.o(.ARM.Collect$$$$0000000D)
    __rt_final_exit                          0x08000141   Thumb Code     0  entry11a.o(.ARM.Collect$$$$0000000F)
    Reset_Handler                            0x08000145   Thumb Code     8  startup_stm32f10x_hd.o(.text)
    ADC1_2_IRQHandler                        0x0800015f   Thumb Code     0  startup_stm32f10x_hd.o(.text)
    ADC3_IRQHandler                          0x0800015f   Thumb Code     0  startup_stm32f10x_hd.o(.text)
    CAN1_RX1_IRQHandler                      0x0800015f   Thumb Code     0  startup_stm32f10x_hd.o(.text)
    CAN1_SCE_IRQHandler                      0x0800015f   Thumb Code     0  startup_stm32f10x_hd.o(.text)
    DMA1_Channel1_IRQHandler                 0x0800015f   Thumb Code     0  startup_stm32f10x_hd.o(.text)
    DMA1_Channel2_IRQHandler                 0x0800015f   Thumb Code     0  startup_stm32f10x_hd.o(.text)
    DMA1_Channel3_IRQHandler                 0x0800015f   Thumb Code     0  startup_stm32f10x_hd.o(.text)
    DMA1_Channel4_IRQHandler                 0x0800015f   Thumb Code     0  startup_stm32f10x_hd.o(.text)
    DMA1_Channel5_IRQHandler                 0x0800015f   Thumb Code     0  startup_stm32f10x_hd.o(.text)
    DMA1_Channel6_IRQHandler                 0x0800015f   Thumb Code     0  startup_stm32f10x_hd.o(.text)
    DMA1_Channel7_IRQHandler                 0x0800015f   Thumb Code     0  startup_stm32f10x_hd.o(.text)
    DMA2_Channel1_IRQHandler                 0x0800015f   Thumb Code     0  startup_stm32f10x_hd.o(.text)
    DMA2_Channel2_IRQHandler                 0x0800015f   Thumb Code     0  startup_stm32f10x_hd.o(.text)
    DMA2_Channel3_IRQHandler                 0x0800015f   Thumb Code     0  startup_stm32f10x_hd.o(.text)
    DMA2_Channel4_5_IRQHandler               0x0800015f   Thumb Code     0  startup_stm32f10x_hd.o(.text)
    EXTI0_IRQHandler                         0x0800015f   Thumb Code     0  startup_stm32f10x_hd.o(.text)
    EXTI15_10_IRQHandler                     0x0800015f   Thumb Code     0  startup_stm32f10x_hd.o(.text)
    EXTI1_IRQHandler                         0x0800015f   Thumb Code     0  startup_stm32f10x_hd.o(.text)
    EXTI2_IRQHandler                         0x0800015f   Thumb Code     0  startup_stm32f10x_hd.o(.text)
    EXTI3_IRQHandler                         0x0800015f   Thumb Code     0  startup_stm32f10x_hd.o(.text)
    EXTI4_IRQHandler                         0x0800015f   Thumb Code     0  startup_stm32f10x_hd.o(.text)
    EXTI9_5_IRQHandler                       0x0800015f   Thumb Code     0  startup_stm32f10x_hd.o(.text)
    FLASH_IRQHandler                         0x0800015f   Thumb Code     0  startup_stm32f10x_hd.o(.text)
    FSMC_IRQHandler                          0x0800015f   Thumb Code     0  startup_stm32f10x_hd.o(.text)
    I2C1_ER_IRQHandler                       0x0800015f   Thumb Code     0  startup_stm32f10x_hd.o(.text)
    I2C1_EV_IRQHandler                       0x0800015f   Thumb Code     0  startup_stm32f10x_hd.o(.text)
    I2C2_ER_IRQHandler                       0x0800015f   Thumb Code     0  startup_stm32f10x_hd.o(.text)
    I2C2_EV_IRQHandler                       0x0800015f   Thumb Code     0  startup_stm32f10x_hd.o(.text)
    PVD_IRQHandler                           0x0800015f   Thumb Code     0  startup_stm32f10x_hd.o(.text)
    RCC_IRQHandler                           0x0800015f   Thumb Code     0  startup_stm32f10x_hd.o(.text)
    RTCAlarm_IRQHandler                      0x0800015f   Thumb Code     0  startup_stm32f10x_hd.o(.text)
    RTC_IRQHandler                           0x0800015f   Thumb Code     0  startup_stm32f10x_hd.o(.text)
    SDIO_IRQHandler                          0x0800015f   Thumb Code     0  startup_stm32f10x_hd.o(.text)
    SPI1_IRQHandler                          0x0800015f   Thumb Code     0  startup_stm32f10x_hd.o(.text)
    SPI2_IRQHandler                          0x0800015f   Thumb Code     0  startup_stm32f10x_hd.o(.text)
    SPI3_IRQHandler                          0x0800015f   Thumb Code     0  startup_stm32f10x_hd.o(.text)
    TAMPER_IRQHandler                        0x0800015f   Thumb Code     0  startup_stm32f10x_hd.o(.text)
    TIM1_BRK_IRQHandler                      0x0800015f   Thumb Code     0  startup_stm32f10x_hd.o(.text)
    TIM1_CC_IRQHandler                       0x0800015f   Thumb Code     0  startup_stm32f10x_hd.o(.text)
    TIM1_TRG_COM_IRQHandler                  0x0800015f   Thumb Code     0  startup_stm32f10x_hd.o(.text)
    TIM1_UP_IRQHandler                       0x0800015f   Thumb Code     0  startup_stm32f10x_hd.o(.text)
    TIM3_IRQHandler                          0x0800015f   Thumb Code     0  startup_stm32f10x_hd.o(.text)
    TIM5_IRQHandler                          0x0800015f   Thumb Code     0  startup_stm32f10x_hd.o(.text)
    TIM7_IRQHandler                          0x0800015f   Thumb Code     0  startup_stm32f10x_hd.o(.text)
    TIM8_BRK_IRQHandler                      0x0800015f   Thumb Code     0  startup_stm32f10x_hd.o(.text)
    TIM8_CC_IRQHandler                       0x0800015f   Thumb Code     0  startup_stm32f10x_hd.o(.text)
    TIM8_TRG_COM_IRQHandler                  0x0800015f   Thumb Code     0  startup_stm32f10x_hd.o(.text)
    TIM8_UP_IRQHandler                       0x0800015f   Thumb Code     0  startup_stm32f10x_hd.o(.text)
    UART4_IRQHandler                         0x0800015f   Thumb Code     0  startup_stm32f10x_hd.o(.text)
    UART5_IRQHandler                         0x0800015f   Thumb Code     0  startup_stm32f10x_hd.o(.text)
    USART2_IRQHandler                        0x0800015f   Thumb Code     0  startup_stm32f10x_hd.o(.text)
    USART3_IRQHandler                        0x0800015f   Thumb Code     0  startup_stm32f10x_hd.o(.text)
    USBWakeUp_IRQHandler                     0x0800015f   Thumb Code     0  startup_stm32f10x_hd.o(.text)
    USB_HP_CAN1_TX_IRQHandler                0x0800015f   Thumb Code     0  startup_stm32f10x_hd.o(.text)
    USB_LP_CAN1_RX0_IRQHandler               0x0800015f   Thumb Code     0  startup_stm32f10x_hd.o(.text)
    WWDG_IRQHandler                          0x0800015f   Thumb Code     0  startup_stm32f10x_hd.o(.text)
    SystemInit                               0x08000245   Thumb Code    78  system_stm32f10x.o(.text)
    SystemCoreClockUpdate                    0x08000293   Thumb Code   142  system_stm32f10x.o(.text)
    NVIC_PriorityGroupConfig                 0x08000345   Thumb Code    10  misc.o(.text)
    NVIC_Init                                0x0800034f   Thumb Code   102  misc.o(.text)
    NVIC_SetVectorTable                      0x080003b5   Thumb Code    14  misc.o(.text)
    NVIC_SystemLPConfig                      0x080003c3   Thumb Code    34  misc.o(.text)
    SysTick_CLKSourceConfig                  0x080003e5   Thumb Code    40  misc.o(.text)
    GPIO_DeInit                              0x08000421   Thumb Code   172  stm32f10x_gpio.o(.text)
    GPIO_AFIODeInit                          0x080004cd   Thumb Code    20  stm32f10x_gpio.o(.text)
    GPIO_Init                                0x080004e1   Thumb Code   274  stm32f10x_gpio.o(.text)
    GPIO_StructInit                          0x080005f3   Thumb Code    16  stm32f10x_gpio.o(.text)
    GPIO_ReadInputDataBit                    0x08000603   Thumb Code    18  stm32f10x_gpio.o(.text)
    GPIO_ReadInputData                       0x08000615   Thumb Code     8  stm32f10x_gpio.o(.text)
    GPIO_ReadOutputDataBit                   0x0800061d   Thumb Code    18  stm32f10x_gpio.o(.text)
    GPIO_ReadOutputData                      0x0800062f   Thumb Code     8  stm32f10x_gpio.o(.text)
    GPIO_SetBits                             0x08000637   Thumb Code     4  stm32f10x_gpio.o(.text)
    GPIO_ResetBits                           0x0800063b   Thumb Code     4  stm32f10x_gpio.o(.text)
    GPIO_WriteBit                            0x0800063f   Thumb Code    10  stm32f10x_gpio.o(.text)
    GPIO_Write                               0x08000649   Thumb Code     4  stm32f10x_gpio.o(.text)
    GPIO_PinLockConfig                       0x0800064d   Thumb Code    18  stm32f10x_gpio.o(.text)
    GPIO_EventOutputConfig                   0x0800065f   Thumb Code    26  stm32f10x_gpio.o(.text)
    GPIO_EventOutputCmd                      0x08000679   Thumb Code     6  stm32f10x_gpio.o(.text)
    GPIO_PinRemapConfig                      0x0800067f   Thumb Code   138  stm32f10x_gpio.o(.text)
    GPIO_EXTILineConfig                      0x08000709   Thumb Code    66  stm32f10x_gpio.o(.text)
    GPIO_ETH_MediaInterfaceConfig            0x0800074b   Thumb Code     6  stm32f10x_gpio.o(.text)
    I2C_DeInit                               0x08000779   Thumb Code    50  stm32f10x_i2c.o(.text)
    I2C_Init                                 0x080007ab   Thumb Code   222  stm32f10x_i2c.o(.text)
    I2C_StructInit                           0x08000889   Thumb Code    30  stm32f10x_i2c.o(.text)
    I2C_Cmd                                  0x080008a7   Thumb Code    24  stm32f10x_i2c.o(.text)
    I2C_DMACmd                               0x080008bf   Thumb Code    24  stm32f10x_i2c.o(.text)
    I2C_DMALastTransferCmd                   0x080008d7   Thumb Code    24  stm32f10x_i2c.o(.text)
    I2C_GenerateSTART                        0x080008ef   Thumb Code    24  stm32f10x_i2c.o(.text)
    I2C_GenerateSTOP                         0x08000907   Thumb Code    24  stm32f10x_i2c.o(.text)
    I2C_AcknowledgeConfig                    0x0800091f   Thumb Code    24  stm32f10x_i2c.o(.text)
    I2C_OwnAddress2Config                    0x08000937   Thumb Code    22  stm32f10x_i2c.o(.text)
    I2C_DualAddressCmd                       0x0800094d   Thumb Code    24  stm32f10x_i2c.o(.text)
    I2C_GeneralCallCmd                       0x08000965   Thumb Code    24  stm32f10x_i2c.o(.text)
    I2C_ITConfig                             0x0800097d   Thumb Code    18  stm32f10x_i2c.o(.text)
    I2C_SendData                             0x0800098f   Thumb Code     4  stm32f10x_i2c.o(.text)
    I2C_ReceiveData                          0x08000993   Thumb Code     8  stm32f10x_i2c.o(.text)
    I2C_Send7bitAddress                      0x0800099b   Thumb Code    18  stm32f10x_i2c.o(.text)
    I2C_ReadRegister                         0x080009ad   Thumb Code    22  stm32f10x_i2c.o(.text)
    I2C_SoftwareResetCmd                     0x080009c3   Thumb Code    22  stm32f10x_i2c.o(.text)
    I2C_NACKPositionConfig                   0x080009d9   Thumb Code    28  stm32f10x_i2c.o(.text)
    I2C_SMBusAlertConfig                     0x080009f5   Thumb Code    28  stm32f10x_i2c.o(.text)
    I2C_TransmitPEC                          0x08000a11   Thumb Code    24  stm32f10x_i2c.o(.text)
    I2C_PECPositionConfig                    0x08000a29   Thumb Code    28  stm32f10x_i2c.o(.text)
    I2C_CalculatePEC                         0x08000a45   Thumb Code    24  stm32f10x_i2c.o(.text)
    I2C_GetPEC                               0x08000a5d   Thumb Code     8  stm32f10x_i2c.o(.text)
    I2C_ARPCmd                               0x08000a65   Thumb Code    24  stm32f10x_i2c.o(.text)
    I2C_StretchClockCmd                      0x08000a7d   Thumb Code    24  stm32f10x_i2c.o(.text)
    I2C_FastModeDutyCycleConfig              0x08000a95   Thumb Code    28  stm32f10x_i2c.o(.text)
    I2C_CheckEvent                           0x08000ab1   Thumb Code    42  stm32f10x_i2c.o(.text)
    I2C_GetLastEvent                         0x08000adb   Thumb Code    26  stm32f10x_i2c.o(.text)
    I2C_GetFlagStatus                        0x08000af5   Thumb Code    58  stm32f10x_i2c.o(.text)
    I2C_ClearFlag                            0x08000b2f   Thumb Code    12  stm32f10x_i2c.o(.text)
    I2C_GetITStatus                          0x08000b3b   Thumb Code    54  stm32f10x_i2c.o(.text)
    I2C_ClearITPendingBit                    0x08000b71   Thumb Code    12  stm32f10x_i2c.o(.text)
    RCC_DeInit                               0x08000b7d   Thumb Code    64  stm32f10x_rcc.o(.text)
    RCC_HSEConfig                            0x08000bbd   Thumb Code    70  stm32f10x_rcc.o(.text)
    RCC_GetFlagStatus                        0x08000c03   Thumb Code    56  stm32f10x_rcc.o(.text)
    RCC_WaitForHSEStartUp                    0x08000c3b   Thumb Code    56  stm32f10x_rcc.o(.text)
    RCC_AdjustHSICalibrationValue            0x08000c73   Thumb Code    20  stm32f10x_rcc.o(.text)
    RCC_HSICmd                               0x08000c87   Thumb Code     6  stm32f10x_rcc.o(.text)
    RCC_PLLConfig                            0x08000c8d   Thumb Code    24  stm32f10x_rcc.o(.text)
    RCC_PLLCmd                               0x08000ca5   Thumb Code     6  stm32f10x_rcc.o(.text)
    RCC_SYSCLKConfig                         0x08000cab   Thumb Code    18  stm32f10x_rcc.o(.text)
    RCC_GetSYSCLKSource                      0x08000cbd   Thumb Code    10  stm32f10x_rcc.o(.text)
    RCC_HCLKConfig                           0x08000cc7   Thumb Code    18  stm32f10x_rcc.o(.text)
    RCC_PCLK1Config                          0x08000cd9   Thumb Code    18  stm32f10x_rcc.o(.text)
    RCC_PCLK2Config                          0x08000ceb   Thumb Code    20  stm32f10x_rcc.o(.text)
    RCC_ITConfig                             0x08000cff   Thumb Code    26  stm32f10x_rcc.o(.text)
    RCC_USBCLKConfig                         0x08000d19   Thumb Code     6  stm32f10x_rcc.o(.text)
    RCC_ADCCLKConfig                         0x08000d1f   Thumb Code    18  stm32f10x_rcc.o(.text)
    RCC_LSEConfig                            0x08000d31   Thumb Code    44  stm32f10x_rcc.o(.text)
    RCC_LSICmd                               0x08000d5d   Thumb Code     6  stm32f10x_rcc.o(.text)
    RCC_RTCCLKConfig                         0x08000d63   Thumb Code    12  stm32f10x_rcc.o(.text)
    RCC_RTCCLKCmd                            0x08000d6f   Thumb Code     8  stm32f10x_rcc.o(.text)
    RCC_GetClocksFreq                        0x08000d77   Thumb Code   192  stm32f10x_rcc.o(.text)
    RCC_AHBPeriphClockCmd                    0x08000e37   Thumb Code    26  stm32f10x_rcc.o(.text)
    RCC_APB2PeriphClockCmd                   0x08000e51   Thumb Code    26  stm32f10x_rcc.o(.text)
    RCC_APB1PeriphClockCmd                   0x08000e6b   Thumb Code    26  stm32f10x_rcc.o(.text)
    RCC_APB2PeriphResetCmd                   0x08000e85   Thumb Code    26  stm32f10x_rcc.o(.text)
    RCC_APB1PeriphResetCmd                   0x08000e9f   Thumb Code    26  stm32f10x_rcc.o(.text)
    RCC_BackupResetCmd                       0x08000eb9   Thumb Code     8  stm32f10x_rcc.o(.text)
    RCC_ClockSecuritySystemCmd               0x08000ec1   Thumb Code     6  stm32f10x_rcc.o(.text)
    RCC_MCOConfig                            0x08000ec7   Thumb Code     6  stm32f10x_rcc.o(.text)
    RCC_ClearFlag                            0x08000ecd   Thumb Code    14  stm32f10x_rcc.o(.text)
    RCC_GetITStatus                          0x08000edb   Thumb Code    20  stm32f10x_rcc.o(.text)
    RCC_ClearITPendingBit                    0x08000eef   Thumb Code     6  stm32f10x_rcc.o(.text)
    TIM_DeInit                               0x08000f21   Thumb Code   424  stm32f10x_tim.o(.text)
    TIM_TimeBaseInit                         0x080010c9   Thumb Code   122  stm32f10x_tim.o(.text)
    TIM_OC1Init                              0x08001143   Thumb Code   132  stm32f10x_tim.o(.text)
    TIM_OC2Init                              0x080011c7   Thumb Code   154  stm32f10x_tim.o(.text)
    TIM_OC3Init                              0x08001261   Thumb Code   150  stm32f10x_tim.o(.text)
    TIM_OC4Init                              0x080012f7   Thumb Code   182  stm32f10x_tim.o(.text)
    TIM_SetIC4Prescaler                      0x080013ad   Thumb Code    26  stm32f10x_tim.o(.text)
    TIM_SetIC3Prescaler                      0x08001449   Thumb Code    18  stm32f10x_tim.o(.text)
    TIM_SetIC2Prescaler                      0x080014d5   Thumb Code    26  stm32f10x_tim.o(.text)
    TIM_SetIC1Prescaler                      0x08001571   Thumb Code    18  stm32f10x_tim.o(.text)
    TIM_ICInit                               0x080015ef   Thumb Code   150  stm32f10x_tim.o(.text)
    TIM_PWMIConfig                           0x08001685   Thumb Code   124  stm32f10x_tim.o(.text)
    TIM_BDTRConfig                           0x08001701   Thumb Code    32  stm32f10x_tim.o(.text)
    TIM_TimeBaseStructInit                   0x08001721   Thumb Code    18  stm32f10x_tim.o(.text)
    TIM_OCStructInit                         0x08001733   Thumb Code    20  stm32f10x_tim.o(.text)
    TIM_ICStructInit                         0x08001747   Thumb Code    18  stm32f10x_tim.o(.text)
    TIM_BDTRStructInit                       0x08001759   Thumb Code    40  stm32f10x_tim.o(.text)
    TIM_Cmd                                  0x08001781   Thumb Code    24  stm32f10x_tim.o(.text)
    TIM_CtrlPWMOutputs                       0x08001799   Thumb Code    30  stm32f10x_tim.o(.text)
    TIM_ITConfig                             0x080017b7   Thumb Code    18  stm32f10x_tim.o(.text)
    TIM_GenerateEvent                        0x080017c9   Thumb Code     4  stm32f10x_tim.o(.text)
    TIM_DMAConfig                            0x080017cd   Thumb Code    10  stm32f10x_tim.o(.text)
    TIM_DMACmd                               0x080017d7   Thumb Code    18  stm32f10x_tim.o(.text)
    TIM_InternalClockConfig                  0x080017e9   Thumb Code    12  stm32f10x_tim.o(.text)
    TIM_SelectInputTrigger                   0x080017f5   Thumb Code    18  stm32f10x_tim.o(.text)
    TIM_ITRxExternalClockConfig              0x08001807   Thumb Code    24  stm32f10x_tim.o(.text)
    TIM_TIxExternalClockConfig               0x0800181f   Thumb Code    62  stm32f10x_tim.o(.text)
    TIM_ETRConfig                            0x0800185d   Thumb Code    28  stm32f10x_tim.o(.text)
    TIM_ETRClockMode1Config                  0x08001879   Thumb Code    54  stm32f10x_tim.o(.text)
    TIM_ETRClockMode2Config                  0x080018af   Thumb Code    32  stm32f10x_tim.o(.text)
    TIM_PrescalerConfig                      0x080018cf   Thumb Code     6  stm32f10x_tim.o(.text)
    TIM_CounterModeConfig                    0x080018d5   Thumb Code    18  stm32f10x_tim.o(.text)
    TIM_EncoderInterfaceConfig               0x080018e7   Thumb Code    66  stm32f10x_tim.o(.text)
    TIM_ForcedOC1Config                      0x08001929   Thumb Code    18  stm32f10x_tim.o(.text)
    TIM_ForcedOC2Config                      0x0800193b   Thumb Code    26  stm32f10x_tim.o(.text)
    TIM_ForcedOC3Config                      0x08001955   Thumb Code    18  stm32f10x_tim.o(.text)
    TIM_ForcedOC4Config                      0x08001967   Thumb Code    26  stm32f10x_tim.o(.text)
    TIM_ARRPreloadConfig                     0x08001981   Thumb Code    24  stm32f10x_tim.o(.text)
    TIM_SelectCOM                            0x08001999   Thumb Code    24  stm32f10x_tim.o(.text)
    TIM_SelectCCDMA                          0x080019b1   Thumb Code    24  stm32f10x_tim.o(.text)
    TIM_CCPreloadControl                     0x080019c9   Thumb Code    24  stm32f10x_tim.o(.text)
    TIM_OC1PreloadConfig                     0x080019e1   Thumb Code    18  stm32f10x_tim.o(.text)
    TIM_OC2PreloadConfig                     0x080019f3   Thumb Code    26  stm32f10x_tim.o(.text)
    TIM_OC3PreloadConfig                     0x08001a0d   Thumb Code    18  stm32f10x_tim.o(.text)
    TIM_OC4PreloadConfig                     0x08001a1f   Thumb Code    26  stm32f10x_tim.o(.text)
    TIM_OC1FastConfig                        0x08001a39   Thumb Code    18  stm32f10x_tim.o(.text)
    TIM_OC2FastConfig                        0x08001a4b   Thumb Code    26  stm32f10x_tim.o(.text)
    TIM_OC3FastConfig                        0x08001a65   Thumb Code    18  stm32f10x_tim.o(.text)
    TIM_OC4FastConfig                        0x08001a77   Thumb Code    26  stm32f10x_tim.o(.text)
    TIM_ClearOC1Ref                          0x08001a91   Thumb Code    18  stm32f10x_tim.o(.text)
    TIM_ClearOC2Ref                          0x08001aa3   Thumb Code    24  stm32f10x_tim.o(.text)
    TIM_ClearOC3Ref                          0x08001abb   Thumb Code    18  stm32f10x_tim.o(.text)
    TIM_ClearOC4Ref                          0x08001acd   Thumb Code    24  stm32f10x_tim.o(.text)
    TIM_OC1PolarityConfig                    0x08001ae5   Thumb Code    18  stm32f10x_tim.o(.text)
    TIM_OC1NPolarityConfig                   0x08001af7   Thumb Code    18  stm32f10x_tim.o(.text)
    TIM_OC2PolarityConfig                    0x08001b09   Thumb Code    26  stm32f10x_tim.o(.text)
    TIM_OC2NPolarityConfig                   0x08001b23   Thumb Code    26  stm32f10x_tim.o(.text)
    TIM_OC3PolarityConfig                    0x08001b3d   Thumb Code    26  stm32f10x_tim.o(.text)
    TIM_OC3NPolarityConfig                   0x08001b57   Thumb Code    26  stm32f10x_tim.o(.text)
    TIM_OC4PolarityConfig                    0x08001b71   Thumb Code    26  stm32f10x_tim.o(.text)
    TIM_CCxCmd                               0x08001b8b   Thumb Code    30  stm32f10x_tim.o(.text)
    TIM_CCxNCmd                              0x08001ba9   Thumb Code    30  stm32f10x_tim.o(.text)
    TIM_SelectOCxM                           0x08001bc7   Thumb Code    82  stm32f10x_tim.o(.text)
    TIM_UpdateDisableConfig                  0x08001c19   Thumb Code    24  stm32f10x_tim.o(.text)
    TIM_UpdateRequestConfig                  0x08001c31   Thumb Code    24  stm32f10x_tim.o(.text)
    TIM_SelectHallSensor                     0x08001c49   Thumb Code    24  stm32f10x_tim.o(.text)
    TIM_SelectOnePulseMode                   0x08001c61   Thumb Code    18  stm32f10x_tim.o(.text)
    TIM_SelectOutputTrigger                  0x08001c73   Thumb Code    18  stm32f10x_tim.o(.text)
    TIM_SelectSlaveMode                      0x08001c85   Thumb Code    18  stm32f10x_tim.o(.text)
    TIM_SelectMasterSlaveMode                0x08001c97   Thumb Code    18  stm32f10x_tim.o(.text)
    TIM_SetCounter                           0x08001ca9   Thumb Code     4  stm32f10x_tim.o(.text)
    TIM_SetAutoreload                        0x08001cad   Thumb Code     4  stm32f10x_tim.o(.text)
    TIM_SetCompare1                          0x08001cb1   Thumb Code     4  stm32f10x_tim.o(.text)
    TIM_SetCompare2                          0x08001cb5   Thumb Code     4  stm32f10x_tim.o(.text)
    TIM_SetCompare3                          0x08001cb9   Thumb Code     4  stm32f10x_tim.o(.text)
    TIM_SetCompare4                          0x08001cbd   Thumb Code     6  stm32f10x_tim.o(.text)
    TIM_SetClockDivision                     0x08001cc3   Thumb Code    18  stm32f10x_tim.o(.text)
    TIM_GetCapture1                          0x08001cd5   Thumb Code     6  stm32f10x_tim.o(.text)
    TIM_GetCapture2                          0x08001cdb   Thumb Code     6  stm32f10x_tim.o(.text)
    TIM_GetCapture3                          0x08001ce1   Thumb Code     6  stm32f10x_tim.o(.text)
    TIM_GetCapture4                          0x08001ce7   Thumb Code     8  stm32f10x_tim.o(.text)
    TIM_GetCounter                           0x08001cef   Thumb Code     6  stm32f10x_tim.o(.text)
    TIM_GetPrescaler                         0x08001cf5   Thumb Code     6  stm32f10x_tim.o(.text)
    TIM_GetFlagStatus                        0x08001cfb   Thumb Code    18  stm32f10x_tim.o(.text)
    TIM_ClearFlag                            0x08001d0d   Thumb Code     6  stm32f10x_tim.o(.text)
    TIM_GetITStatus                          0x08001d13   Thumb Code    34  stm32f10x_tim.o(.text)
    TIM_ClearITPendingBit                    0x08001d35   Thumb Code     6  stm32f10x_tim.o(.text)
    USART_DeInit                             0x08001d3d   Thumb Code   134  stm32f10x_usart.o(.text)
    USART_Init                               0x08001dc3   Thumb Code   210  stm32f10x_usart.o(.text)
    USART_StructInit                         0x08001e95   Thumb Code    24  stm32f10x_usart.o(.text)
    USART_ClockInit                          0x08001ead   Thumb Code    34  stm32f10x_usart.o(.text)
    USART_ClockStructInit                    0x08001ecf   Thumb Code    12  stm32f10x_usart.o(.text)
    USART_Cmd                                0x08001edb   Thumb Code    24  stm32f10x_usart.o(.text)
    USART_ITConfig                           0x08001ef3   Thumb Code    74  stm32f10x_usart.o(.text)
    USART_DMACmd                             0x08001f3d   Thumb Code    18  stm32f10x_usart.o(.text)
    USART_SetAddress                         0x08001f4f   Thumb Code    18  stm32f10x_usart.o(.text)
    USART_WakeUpConfig                       0x08001f61   Thumb Code    18  stm32f10x_usart.o(.text)
    USART_ReceiverWakeUpCmd                  0x08001f73   Thumb Code    24  stm32f10x_usart.o(.text)
    USART_LINBreakDetectLengthConfig         0x08001f8b   Thumb Code    18  stm32f10x_usart.o(.text)
    USART_LINCmd                             0x08001f9d   Thumb Code    24  stm32f10x_usart.o(.text)
    USART_SendData                           0x08001fb5   Thumb Code     8  stm32f10x_usart.o(.text)
    USART_ReceiveData                        0x08001fbd   Thumb Code    10  stm32f10x_usart.o(.text)
    USART_SendBreak                          0x08001fc7   Thumb Code    10  stm32f10x_usart.o(.text)
    USART_SetGuardTime                       0x08001fd1   Thumb Code    16  stm32f10x_usart.o(.text)
    USART_SetPrescaler                       0x08001fe1   Thumb Code    16  stm32f10x_usart.o(.text)
    USART_SmartCardCmd                       0x08001ff1   Thumb Code    24  stm32f10x_usart.o(.text)
    USART_SmartCardNACKCmd                   0x08002009   Thumb Code    24  stm32f10x_usart.o(.text)
    USART_HalfDuplexCmd                      0x08002021   Thumb Code    24  stm32f10x_usart.o(.text)
    USART_OverSampling8Cmd                   0x08002039   Thumb Code    22  stm32f10x_usart.o(.text)
    USART_OneBitMethodCmd                    0x0800204f   Thumb Code    24  stm32f10x_usart.o(.text)
    USART_IrDAConfig                         0x08002067   Thumb Code    18  stm32f10x_usart.o(.text)
    USART_IrDACmd                            0x08002079   Thumb Code    24  stm32f10x_usart.o(.text)
    USART_GetFlagStatus                      0x08002091   Thumb Code    26  stm32f10x_usart.o(.text)
    USART_ClearFlag                          0x080020ab   Thumb Code    18  stm32f10x_usart.o(.text)
    USART_GetITStatus                        0x080020bd   Thumb Code    84  stm32f10x_usart.o(.text)
    USART_ClearITPendingBit                  0x08002111   Thumb Code    52  stm32f10x_usart.o(.text)
    main                                     0x08002145   Thumb Code    88  main.o(.text)
    LED_GPIO_Config                          0x080021c9   Thumb Code    50  led.o(.text)
    USART1_Config                            0x0800222b   Thumb Code   130  usart1.o(.text)
    UsartSend                                0x080022ad   Thumb Code    24  usart1.o(.text)
    PrintChar                                0x080022c5   Thumb Code    24  usart1.o(.text)
    PrintHexInt16                            0x080022dd   Thumb Code    20  usart1.o(.text)
    fputc                                    0x080022f1   Thumb Code    32  usart1.o(.text)
    fgetc                                    0x08002311   Thumb Code    26  usart1.o(.text)
    NMI_Handler                              0x08002335   Thumb Code     2  stm32f10x_it.o(.text)
    HardFault_Handler                        0x08002337   Thumb Code     4  stm32f10x_it.o(.text)
    MemManage_Handler                        0x0800233b   Thumb Code     4  stm32f10x_it.o(.text)
    BusFault_Handler                         0x0800233f   Thumb Code     4  stm32f10x_it.o(.text)
    UsageFault_Handler                       0x08002343   Thumb Code     4  stm32f10x_it.o(.text)
    SVC_Handler                              0x08002347   Thumb Code     2  stm32f10x_it.o(.text)
    DebugMon_Handler                         0x08002349   Thumb Code     2  stm32f10x_it.o(.text)
    PendSV_Handler                           0x0800234b   Thumb Code     2  stm32f10x_it.o(.text)
    SysTick_Handler                          0x0800234d   Thumb Code     8  stm32f10x_it.o(.text)
    USART1_IRQHandler                        0x08002355   Thumb Code    28  stm32f10x_it.o(.text)
    TIM6_IRQHandler                          0x08002371   Thumb Code    60  stm32f10x_it.o(.text)
    TIMx_NVIC_Configuration                  0x080023c1   Thumb Code    40  timer6.o(.text)
    TIMER6_Config                            0x080023e9   Thumb Code    72  timer6.o(.text)
    Motor_GPIO_Config                        0x08002435   Thumb Code   202  motor.o(.text)
    Motor_PWM_Config                         0x080024ff   Thumb Code   114  motor.o(.text)
    Motor_driver_out                         0x08002571   Thumb Code   212  motor.o(.text)
    Encoder_Init_TIM2                        0x08002669   Thumb Code   154  encoder.o(.text)
    Encoder_Init_TIM4                        0x08002703   Thumb Code   148  encoder.o(.text)
    Read_Encoder                             0x08002797   Thumb Code    56  encoder.o(.text)
    TIM4_IRQHandler                          0x080027cf   Thumb Code    24  encoder.o(.text)
    TIM2_IRQHandler                          0x080027e7   Thumb Code    24  encoder.o(.text)
    SysTick_Init                             0x0800280d   Thumb Code   108  systick.o(.text)
    Delay_ms                                 0x08002879   Thumb Code    32  systick.o(.text)
    get_clock_ms                             0x08002899   Thumb Code    18  systick.o(.text)
    TimingDelay_Decrement                    0x080028ab   Thumb Code    18  systick.o(.text)
    I2C_GPIO_Config                          0x080028cd   Thumb Code    76  i2c.o(.text)
    I2C_Mode_Config                          0x08002919   Thumb Code    58  i2c.o(.text)
    IIC_Write_Buffer                         0x08002953   Thumb Code   150  i2c.o(.text)
    IIC_Read_Buffer                          0x080029e9   Thumb Code   220  i2c.o(.text)
    mpu_reg_dump                             0x08002b63   Thumb Code    84  inv_mpu.o(.text)
    mpu_read_reg                             0x08002bb7   Thumb Code    66  inv_mpu.o(.text)
    mpu_set_int_latched                      0x08002bf9   Thumb Code   102  inv_mpu.o(.text)
    mpu_set_sensors                          0x08002c5f   Thumb Code   202  inv_mpu.o(.text)
    mpu_set_bypass                           0x08002d29   Thumb Code   328  inv_mpu.o(.text)
    mpu_reset_fifo                           0x08002e71   Thumb Code   472  inv_mpu.o(.text)
    mpu_configure_fifo                       0x08003049   Thumb Code   106  inv_mpu.o(.text)
    mpu_set_lpf                              0x080030b3   Thumb Code   126  inv_mpu.o(.text)
    mpu_lp_accel_mode                        0x08003131   Thumb Code   218  inv_mpu.o(.text)
    mpu_set_sample_rate                      0x0800320b   Thumb Code   152  inv_mpu.o(.text)
    mpu_set_accel_fsr                        0x080032a3   Thumb Code   132  inv_mpu.o(.text)
    mpu_set_gyro_fsr                         0x08003327   Thumb Code   132  inv_mpu.o(.text)
    mpu_init                                 0x080033ab   Thumb Code   416  inv_mpu.o(.text)
    mpu_get_gyro_reg                         0x0800354b   Thumb Code   110  inv_mpu.o(.text)
    mpu_get_accel_reg                        0x080035b9   Thumb Code   110  inv_mpu.o(.text)
    mpu_get_temperature                      0x08003627   Thumb Code   150  inv_mpu.o(.text)
    mpu_set_accel_bias                       0x080036bd   Thumb Code   468  inv_mpu.o(.text)
    mpu_get_gyro_fsr                         0x08003891   Thumb Code    64  inv_mpu.o(.text)
    mpu_get_accel_fsr                        0x080038d1   Thumb Code    72  inv_mpu.o(.text)
    mpu_get_lpf                              0x08003919   Thumb Code    74  inv_mpu.o(.text)
    mpu_get_sample_rate                      0x08003963   Thumb Code    26  inv_mpu.o(.text)
    mpu_get_compass_sample_rate              0x0800397d   Thumb Code    10  inv_mpu.o(.text)
    mpu_set_compass_sample_rate              0x08003987   Thumb Code     8  inv_mpu.o(.text)
    mpu_get_gyro_sens                        0x0800398f   Thumb Code    58  inv_mpu.o(.text)
    mpu_get_accel_sens                       0x080039c9   Thumb Code    78  inv_mpu.o(.text)
    mpu_get_fifo_config                      0x08003a17   Thumb Code    12  inv_mpu.o(.text)
    mpu_get_power_state                      0x08003a23   Thumb Code    22  inv_mpu.o(.text)
    mpu_get_int_status                       0x08003a39   Thumb Code    64  inv_mpu.o(.text)
    mpu_read_fifo                            0x08003a79   Thumb Code   522  inv_mpu.o(.text)
    mpu_read_fifo_stream                     0x08003c83   Thumb Code   186  inv_mpu.o(.text)
    mpu_set_int_level                        0x08003d3d   Thumb Code    12  inv_mpu.o(.text)
    mpu_set_dmp_state                        0x08004415   Thumb Code   138  inv_mpu.o(.text)
    mpu_run_self_test                        0x0800449f   Thumb Code   278  inv_mpu.o(.text)
    mpu_write_mem                            0x080045b5   Thumb Code   122  inv_mpu.o(.text)
    mpu_read_mem                             0x0800462f   Thumb Code   122  inv_mpu.o(.text)
    mpu_load_firmware                        0x080046a9   Thumb Code   190  inv_mpu.o(.text)
    mpu_get_dmp_state                        0x08004767   Thumb Code    14  inv_mpu.o(.text)
    mpu_get_compass_reg                      0x08004775   Thumb Code     8  inv_mpu.o(.text)
    mpu_get_compass_fsr                      0x0800477d   Thumb Code     8  inv_mpu.o(.text)
    mpu_lp_motion_interrupt                  0x08004785   Thumb Code   512  inv_mpu.o(.text)
    dmp_load_motion_driver_firmware          0x08004989   Thumb Code    20  inv_mpu_dmp_motion_driver.o(.text)
    dmp_set_orientation                      0x0800499d   Thumb Code   290  inv_mpu_dmp_motion_driver.o(.text)
    dmp_set_gyro_bias                        0x08004abf   Thumb Code   294  inv_mpu_dmp_motion_driver.o(.text)
    dmp_set_accel_bias                       0x08004be5   Thumb Code   300  inv_mpu_dmp_motion_driver.o(.text)
    dmp_set_fifo_rate                        0x08004d11   Thumb Code   136  inv_mpu_dmp_motion_driver.o(.text)
    dmp_get_fifo_rate                        0x08004d99   Thumb Code    12  inv_mpu_dmp_motion_driver.o(.text)
    dmp_set_tap_thresh                       0x08004da5   Thumb Code   396  inv_mpu_dmp_motion_driver.o(.text)
    dmp_set_tap_axes                         0x08004f31   Thumb Code    70  inv_mpu_dmp_motion_driver.o(.text)
    dmp_set_tap_count                        0x08004f77   Thumb Code    38  inv_mpu_dmp_motion_driver.o(.text)
    dmp_set_tap_time                         0x08004f9d   Thumb Code    38  inv_mpu_dmp_motion_driver.o(.text)
    dmp_set_tap_time_multi                   0x08004fc3   Thumb Code    38  inv_mpu_dmp_motion_driver.o(.text)
    dmp_set_shake_reject_thresh              0x08004fe9   Thumb Code    56  inv_mpu_dmp_motion_driver.o(.text)
    dmp_set_shake_reject_time                0x08005021   Thumb Code    38  inv_mpu_dmp_motion_driver.o(.text)
    dmp_set_shake_reject_timeout             0x08005047   Thumb Code    38  inv_mpu_dmp_motion_driver.o(.text)
    dmp_get_pedometer_step_count             0x0800506d   Thumb Code    66  inv_mpu_dmp_motion_driver.o(.text)
    dmp_set_pedometer_step_count             0x080050af   Thumb Code    42  inv_mpu_dmp_motion_driver.o(.text)
    dmp_get_pedometer_walk_time              0x080050d9   Thumb Code    72  inv_mpu_dmp_motion_driver.o(.text)
    dmp_set_pedometer_walk_time              0x08005121   Thumb Code    48  inv_mpu_dmp_motion_driver.o(.text)
    dmp_enable_6x_lp_quat                    0x08005151   Thumb Code    84  inv_mpu_dmp_motion_driver.o(.text)
    dmp_enable_lp_quat                       0x080051a5   Thumb Code    60  inv_mpu_dmp_motion_driver.o(.text)
    dmp_enable_gyro_cal                      0x080051e1   Thumb Code    62  inv_mpu_dmp_motion_driver.o(.text)
    dmp_enable_feature                       0x0800521f   Thumb Code   530  inv_mpu_dmp_motion_driver.o(.text)
    dmp_get_enabled_features                 0x08005431   Thumb Code    12  inv_mpu_dmp_motion_driver.o(.text)
    dmp_set_interrupt_mode                   0x0800549b   Thumb Code    66  inv_mpu_dmp_motion_driver.o(.text)
    dmp_read_fifo                            0x080054dd   Thumb Code   512  inv_mpu_dmp_motion_driver.o(.text)
    dmp_register_tap_cb                      0x080056dd   Thumb Code    10  inv_mpu_dmp_motion_driver.o(.text)
    dmp_register_android_orient_cb           0x080056e7   Thumb Code    10  inv_mpu_dmp_motion_driver.o(.text)
    MPU6050_Init                             0x080057fd   Thumb Code   270  mpu6050.o(.text)
    MPU6050_Refresh_Pose                     0x0800590b   Thumb Code  1438  mpu6050.o(.text)
    __aeabi_ldivmod                          0x08005ec9   Thumb Code    90  ldiv.o(.text)
    __aeabi_memset                           0x08005f23   Thumb Code    14  memseta.o(.text)
    __aeabi_memset4                          0x08005f23   Thumb Code     0  memseta.o(.text)
    __aeabi_memset8                          0x08005f23   Thumb Code     0  memseta.o(.text)
    __aeabi_memclr                           0x08005f31   Thumb Code     4  memseta.o(.text)
    __aeabi_memclr4                          0x08005f31   Thumb Code     0  memseta.o(.text)
    __aeabi_memclr8                          0x08005f31   Thumb Code     0  memseta.o(.text)
    _memset$wrapper                          0x08005f35   Thumb Code    18  memseta.o(.text)
    memcmp                                   0x08005f47   Thumb Code    26  memcmp.o(.text)
    __aeabi_fadd                             0x08005f61   Thumb Code   164  fadd.o(.text)
    __aeabi_fsub                             0x08006005   Thumb Code     6  fadd.o(.text)
    __aeabi_frsub                            0x0800600b   Thumb Code     6  fadd.o(.text)
    __aeabi_fmul                             0x08006011   Thumb Code   108  fmul.o(.text)
    __aeabi_fdiv                             0x0800607d   Thumb Code   128  fdiv.o(.text)
    __aeabi_dmul                             0x080060fd   Thumb Code   228  dmul.o(.text)
    __aeabi_i2f                              0x080061e1   Thumb Code    18  fflti.o(.text)
    __aeabi_ui2f                             0x080061f3   Thumb Code    10  ffltui.o(.text)
    __aeabi_f2iz                             0x080061fd   Thumb Code    50  ffixi.o(.text)
    __aeabi_f2uiz                            0x0800622f   Thumb Code    40  ffixui.o(.text)
    __aeabi_f2d                              0x08006257   Thumb Code    38  f2d.o(.text)
    __aeabi_cdrcmple                         0x0800627d   Thumb Code    38  cdrcmple.o(.text)
    __aeabi_d2f                              0x080062a5   Thumb Code    56  d2f.o(.text)
    __aeabi_cfcmpeq                          0x080062dd   Thumb Code     0  cfcmple.o(.text)
    __aeabi_cfcmple                          0x080062dd   Thumb Code    20  cfcmple.o(.text)
    __aeabi_cfrcmple                         0x080062f1   Thumb Code    20  cfrcmple.o(.text)
    __aeabi_uldivmod                         0x08006305   Thumb Code    98  uldiv.o(.text)
    __I$use$fp                               0x08006367   Thumb Code     0  iusefp.o(.text)
    _float_round                             0x08006367   Thumb Code    18  fepilogue.o(.text)
    _float_epilogue                          0x08006379   Thumb Code    90  fepilogue.o(.text)
    _double_round                            0x080063d3   Thumb Code    26  depilogue.o(.text)
    _double_epilogue                         0x080063ed   Thumb Code   164  depilogue.o(.text)
    __aeabi_dadd                             0x08006491   Thumb Code   322  dadd.o(.text)
    __aeabi_dsub                             0x080065d3   Thumb Code     6  dadd.o(.text)
    __aeabi_drsub                            0x080065d9   Thumb Code     6  dadd.o(.text)
    __aeabi_ddiv                             0x080065df   Thumb Code   222  ddiv.o(.text)
    __ARM_scalbn                             0x080066bd   Thumb Code    46  dscalb.o(.text)
    scalbn                                   0x080066bd   Thumb Code     0  dscalb.o(.text)
    __scatterload                            0x080066ed   Thumb Code    28  init.o(.text)
    __scatterload_rt2                        0x080066ed   Thumb Code     0  init.o(.text)
    __aeabi_llsl                             0x08006711   Thumb Code    30  llshl.o(.text)
    _ll_shift_l                              0x08006711   Thumb Code     0  llshl.o(.text)
    __aeabi_llsr                             0x0800672f   Thumb Code    32  llushr.o(.text)
    _ll_ushift_r                             0x0800672f   Thumb Code     0  llushr.o(.text)
    __aeabi_lasr                             0x0800674f   Thumb Code    36  llsshr.o(.text)
    _ll_sshift_r                             0x0800674f   Thumb Code     0  llsshr.o(.text)
    _dsqrt                                   0x08006773   Thumb Code   162  dsqrt.o(.text)
    __0printf$8                              0x08006815   Thumb Code    22  printf8.o(i.__0printf$8)
    __1printf$8                              0x08006815   Thumb Code     0  printf8.o(i.__0printf$8)
    __2printf                                0x08006815   Thumb Code     0  printf8.o(i.__0printf$8)
    __ARM_fpclassify                         0x08006835   Thumb Code    40  fpclassify.o(i.__ARM_fpclassify)
    __kernel_poly                            0x0800685d   Thumb Code   170  poly.o(i.__kernel_poly)
    __mathlib_dbl_underflow                  0x08006909   Thumb Code    10  dunder.o(i.__mathlib_dbl_underflow)
    __scatterload_copy                       0x08006919   Thumb Code    14  handlers.o(i.__scatterload_copy)
    __scatterload_null                       0x08006927   Thumb Code     2  handlers.o(i.__scatterload_null)
    __scatterload_zeroinit                   0x08006929   Thumb Code    14  handlers.o(i.__scatterload_zeroinit)
    __set_errno                              0x08006939   Thumb Code     6  errno.o(i.__set_errno)
    asin                                     0x08006da5   Thumb Code   584  asin.o(i.asin)
    atan                                     0x08007021   Thumb Code   478  atan.o(i.atan)
    atan2                                    0x08007245   Thumb Code   346  atan2.o(i.atan2)
    sqrt                                     0x080073c5   Thumb Code    76  sqrt.o(i.sqrt)
    reg                                      0x08007410   Data          30  inv_mpu.o(.constdata)
    hw                                       0x0800742e   Data          12  inv_mpu.o(.constdata)
    test                                     0x0800743c   Data          40  inv_mpu.o(.constdata)
    __mathlib_zero                           0x08008190   Data           8  qnan.o(.constdata)
    Region$$Table$$Base                      0x08008198   Number         0  anon$$obj.o(Region$$Table)
    Region$$Table$$Limit                     0x080081b8   Number         0  anon$$obj.o(Region$$Table)
    SystemCoreClock                          0x20000000   Data           4  system_stm32f10x.o(.data)
    AHBPrescTable                            0x20000004   Data          16  system_stm32f10x.o(.data)
    BUF_RX_CH                                0x20000028   Data           1  usart1.o(.data)
    q0                                       0x20000068   Data           4  mpu6050.o(.data)
    q1                                       0x2000006c   Data           4  mpu6050.o(.data)
    q2                                       0x20000070   Data           4  mpu6050.o(.data)
    q3                                       0x20000074   Data           4  mpu6050.o(.data)
    Pitch                                    0x20000078   Data           4  mpu6050.o(.data)
    Roll                                     0x2000007c   Data           4  mpu6050.o(.data)
    Yaw                                      0x20000080   Data           4  mpu6050.o(.data)
    sensor_timestamp                         0x20000084   Data           4  mpu6050.o(.data)
    gyro                                     0x20000088   Data           6  mpu6050.o(.data)
    accel                                    0x2000008e   Data           6  mpu6050.o(.data)
    sensors                                  0x20000094   Data           2  mpu6050.o(.data)
    more                                     0x20000096   Data           1  mpu6050.o(.data)
    __stdout                                 0x20000098   Data           4  stdout.o(.data)
    quat                                     0x200000b0   Data          16  mpu6050.o(.bss)
    __initial_sp                             0x200004c0   Data           0  startup_stm32f10x_hd.o(STACK)



==============================================================================

Memory Map of the image

  Image Entry point : 0x08000131

  Load Region LR_IROM1 (Base: 0x08000000, Size: 0x00008258, Max: 0x00080000, ABSOLUTE)

    Execution Region ER_IROM1 (Base: 0x08000000, Size: 0x000081b8, Max: 0x00080000, ABSOLUTE)

    Base Addr    Size         Type   Attr      Idx    E Section Name        Object

    0x08000000   0x00000130   Data   RO            3    RESET               startup_stm32f10x_hd.o
    0x08000130   0x00000000   Code   RO          660  * .ARM.Collect$$$$00000000  mc_w.l(entry.o)
    0x08000130   0x00000004   Code   RO          981    .ARM.Collect$$$$00000001  mc_w.l(entry2.o)
    0x08000134   0x00000004   Code   RO          984    .ARM.Collect$$$$00000004  mc_w.l(entry5.o)
    0x08000138   0x00000000   Code   RO          986    .ARM.Collect$$$$00000008  mc_w.l(entry7b.o)
    0x08000138   0x00000000   Code   RO          988    .ARM.Collect$$$$0000000A  mc_w.l(entry8b.o)
    0x08000138   0x00000008   Code   RO          989    .ARM.Collect$$$$0000000B  mc_w.l(entry9a.o)
    0x08000140   0x00000000   Code   RO          991    .ARM.Collect$$$$0000000D  mc_w.l(entry10a.o)
    0x08000140   0x00000000   Code   RO          993    .ARM.Collect$$$$0000000F  mc_w.l(entry11a.o)
    0x08000140   0x00000004   Code   RO          982    .ARM.Collect$$$$00002712  mc_w.l(entry2.o)
    0x08000144   0x00000024   Code   RO            4    .text               startup_stm32f10x_hd.o
    0x08000168   0x000001dc   Code   RO           24    .text               system_stm32f10x.o
    0x08000344   0x000000dc   Code   RO           70    .text               misc.o
    0x08000420   0x00000358   Code   RO          251    .text               stm32f10x_gpio.o
    0x08000778   0x00000404   Code   RO          263    .text               stm32f10x_i2c.o
    0x08000b7c   0x000003a4   Code   RO          305    .text               stm32f10x_rcc.o
    0x08000f20   0x00000e1a   Code   RO          364    .text               stm32f10x_tim.o
    0x08001d3a   0x00000002   PAD
    0x08001d3c   0x00000408   Code   RO          376    .text               stm32f10x_usart.o
    0x08002144   0x00000084   Code   RO          403    .text               main.o
    0x080021c8   0x00000038   Code   RO          442    .text               led.o
    0x08002200   0x00000134   Code   RO          454    .text               usart1.o
    0x08002334   0x0000008c   Code   RO          472    .text               stm32f10x_it.o
    0x080023c0   0x00000074   Code   RO          488    .text               timer6.o
    0x08002434   0x00000234   Code   RO          500    .text               motor.o
    0x08002668   0x000001a4   Code   RO          512    .text               encoder.o
    0x0800280c   0x000000c0   Code   RO          524    .text               systick.o
    0x080028cc   0x0000020c   Code   RO          542    .text               i2c.o
    0x08002ad8   0x00001eb0   Code   RO          557    .text               inv_mpu.o
    0x08004988   0x00000d6c   Code   RO          589    .text               inv_mpu_dmp_motion_driver.o
    0x080056f4   0x000007d4   Code   RO          617    .text               mpu6050.o
    0x08005ec8   0x0000005a   Code   RO          663    .text               mc_w.l(ldiv.o)
    0x08005f22   0x00000024   Code   RO          665    .text               mc_w.l(memseta.o)
    0x08005f46   0x0000001a   Code   RO          667    .text               mc_w.l(memcmp.o)
    0x08005f60   0x000000b0   Code   RO          930    .text               mf_w.l(fadd.o)
    0x08006010   0x0000006c   Code   RO          932    .text               mf_w.l(fmul.o)
    0x0800607c   0x00000080   Code   RO          934    .text               mf_w.l(fdiv.o)
    0x080060fc   0x000000e4   Code   RO          936    .text               mf_w.l(dmul.o)
    0x080061e0   0x00000012   Code   RO          938    .text               mf_w.l(fflti.o)
    0x080061f2   0x0000000a   Code   RO          940    .text               mf_w.l(ffltui.o)
    0x080061fc   0x00000032   Code   RO          942    .text               mf_w.l(ffixi.o)
    0x0800622e   0x00000028   Code   RO          944    .text               mf_w.l(ffixui.o)
    0x08006256   0x00000026   Code   RO          946    .text               mf_w.l(f2d.o)
    0x0800627c   0x00000028   Code   RO          948    .text               mf_w.l(cdrcmple.o)
    0x080062a4   0x00000038   Code   RO          950    .text               mf_w.l(d2f.o)
    0x080062dc   0x00000014   Code   RO          952    .text               mf_w.l(cfcmple.o)
    0x080062f0   0x00000014   Code   RO          954    .text               mf_w.l(cfrcmple.o)
    0x08006304   0x00000062   Code   RO          998    .text               mc_w.l(uldiv.o)
    0x08006366   0x00000000   Code   RO         1007    .text               mc_w.l(iusefp.o)
    0x08006366   0x0000006c   Code   RO         1008    .text               mf_w.l(fepilogue.o)
    0x080063d2   0x000000be   Code   RO         1010    .text               mf_w.l(depilogue.o)
    0x08006490   0x0000014e   Code   RO         1012    .text               mf_w.l(dadd.o)
    0x080065de   0x000000de   Code   RO         1014    .text               mf_w.l(ddiv.o)
    0x080066bc   0x0000002e   Code   RO         1016    .text               mf_w.l(dscalb.o)
    0x080066ea   0x00000002   PAD
    0x080066ec   0x00000024   Code   RO         1020    .text               mc_w.l(init.o)
    0x08006710   0x0000001e   Code   RO         1022    .text               mc_w.l(llshl.o)
    0x0800672e   0x00000020   Code   RO         1024    .text               mc_w.l(llushr.o)
    0x0800674e   0x00000024   Code   RO         1026    .text               mc_w.l(llsshr.o)
    0x08006772   0x000000a2   Code   RO         1028    .text               mf_w.l(dsqrt.o)
    0x08006814   0x00000020   Code   RO          876    i.__0printf$8       mc_w.l(printf8.o)
    0x08006834   0x00000028   Code   RO          968    i.__ARM_fpclassify  m_ws.l(fpclassify.o)
    0x0800685c   0x000000aa   Code   RO          970    i.__kernel_poly     m_ws.l(poly.o)
    0x08006906   0x00000002   PAD
    0x08006908   0x00000010   Code   RO          966    i.__mathlib_dbl_underflow  m_ws.l(dunder.o)
    0x08006918   0x0000000e   Code   RO         1034    i.__scatterload_copy  mc_w.l(handlers.o)
    0x08006926   0x00000002   Code   RO         1035    i.__scatterload_null  mc_w.l(handlers.o)
    0x08006928   0x0000000e   Code   RO         1036    i.__scatterload_zeroinit  mc_w.l(handlers.o)
    0x08006936   0x00000002   PAD
    0x08006938   0x0000000c   Code   RO         1002    i.__set_errno       mc_w.l(errno.o)
    0x08006944   0x00000408   Code   RO          883    i._printf_core      mc_w.l(printf8.o)
    0x08006d4c   0x00000026   Code   RO          884    i._printf_post_padding  mc_w.l(printf8.o)
    0x08006d72   0x00000030   Code   RO          885    i._printf_pre_padding  mc_w.l(printf8.o)
    0x08006da2   0x00000002   PAD
    0x08006da4   0x0000027c   Code   RO          643    i.asin              m_ws.l(asin.o)
    0x08007020   0x00000224   Code   RO          957    i.atan              m_ws.l(atan.o)
    0x08007244   0x00000180   Code   RO          653    i.atan2             m_ws.l(atan2.o)
    0x080073c4   0x0000004c   Code   RO          974    i.sqrt              m_ws.l(sqrt.o)
    0x08007410   0x000000a1   Data   RO          558    .constdata          inv_mpu.o
    0x080074b1   0x00000bf6   Data   RO          591    .constdata          inv_mpu_dmp_motion_driver.o
    0x080080a7   0x00000001   PAD
    0x080080a8   0x00000050   Data   RO          644    .constdata          m_ws.l(asin.o)
    0x080080f8   0x00000098   Data   RO          958    .constdata          m_ws.l(atan.o)
    0x08008190   0x00000008   Data   RO          972    .constdata          m_ws.l(qnan.o)
    0x08008198   0x00000020   Data   RO         1032    Region$$Table       anon$$obj.o


    Execution Region RW_IRAM1 (Base: 0x20000000, Size: 0x000004c0, Max: 0x00010000, ABSOLUTE)

    Base Addr    Size         Type   Attr      Idx    E Section Name        Object

    0x20000000   0x00000014   Data   RW           25    .data               system_stm32f10x.o
    0x20000014   0x00000014   Data   RW          306    .data               stm32f10x_rcc.o
    0x20000028   0x00000001   Data   RW          455    .data               usart1.o
    0x20000029   0x00000001   Data   RW          473    .data               stm32f10x_it.o
    0x2000002a   0x00000002   PAD
    0x2000002c   0x00000004   Data   RW          525    .data               systick.o
    0x20000030   0x0000002c   Data   RW          559    .data               inv_mpu.o
    0x2000005c   0x0000003b   Data   RW          619    .data               mpu6050.o
    0x20000097   0x00000001   PAD
    0x20000098   0x00000004   Data   RW          995    .data               mc_w.l(stdout.o)
    0x2000009c   0x00000004   Data   RW         1003    .data               mc_w.l(errno.o)
    0x200000a0   0x00000010   Zero   RW          590    .bss                inv_mpu_dmp_motion_driver.o
    0x200000b0   0x00000010   Zero   RW          618    .bss                mpu6050.o
    0x200000c0   0x00000400   Zero   RW            1    STACK               startup_stm32f10x_hd.o


==============================================================================

Image component sizes


      Code (inc. data)   RO Data    RW Data    ZI Data      Debug   Object Name

         0          0          0          0          0       4216   core_cm3.o
       420         14          0          0          0       1471   encoder.o
       524         20          0          0          0       1483   i2c.o
      7856        190        161         44          0      20946   inv_mpu.o
      3436        124       3062          0         16      14995   inv_mpu_dmp_motion_driver.o
        56          6          0          0          0        470   led.o
       132         44          0          0          0       1671   main.o
       220         20          0          0          0       1757   misc.o
       564         36          0          0          0       1162   motor.o
      2004        904          0         59         16       2963   mpu6050.o
        36          8        304          0       1024        824   startup_stm32f10x_hd.o
       856         40          0          0          0       5601   stm32f10x_gpio.o
      1028         16          0          0          0       9063   stm32f10x_i2c.o
       140         20          0          1          0       1616   stm32f10x_it.o
       932         44          0         20          0       8752   stm32f10x_rcc.o
      3610         88          0          0          0      22088   stm32f10x_tim.o
      1032         22          0          0          0       8328   stm32f10x_usart.o
       476         36          0         20          0     257963   system_stm32f10x.o
       192         16          0          4          0      16786   systick.o
       116          4          0          0          0        680   timer6.o
       308         10          0          1          0       1862   usart1.o

    ----------------------------------------------------------------------
     23940       1662       3560        152       1056     384697   Object Totals
         0          0         32          0          0          0   (incl. Generated)
         2          0          1          3          0          0   (incl. Padding)

    ----------------------------------------------------------------------

      Code (inc. data)   RO Data    RW Data    ZI Data      Debug   Library Member Name

       636         52         80          0          0        168   asin.o
       548         70        152          0          0        124   atan.o
       384         38          0          0          0        144   atan2.o
        16          6          0          0          0         68   dunder.o
        40          0          0          0          0         68   fpclassify.o
       170          0          0          0          0         96   poly.o
         0          0          8          0          0          0   qnan.o
        76          0          0          0          0         84   sqrt.o
         0          0          0          0          0          0   entry.o
         0          0          0          0          0          0   entry10a.o
         0          0          0          0          0          0   entry11a.o
         8          4          0          0          0          0   entry2.o
         4          0          0          0          0          0   entry5.o
         0          0          0          0          0          0   entry7b.o
         0          0          0          0          0          0   entry8b.o
         8          4          0          0          0          0   entry9a.o
        12          6          0          4          0         68   errno.o
        30          0          0          0          0          0   handlers.o
        36          8          0          0          0         68   init.o
         0          0          0          0          0          0   iusefp.o
        90          0          0          0          0         84   ldiv.o
        30          0          0          0          0         68   llshl.o
        36          0          0          0          0         68   llsshr.o
        32          0          0          0          0         68   llushr.o
        26          0          0          0          0         80   memcmp.o
        36          0          0          0          0        108   memseta.o
      1150         54          0          0          0        352   printf8.o
         0          0          0          4          0          0   stdout.o
        98          0          0          0          0         92   uldiv.o
        40          2          0          0          0         68   cdrcmple.o
        20          0          0          0          0         68   cfcmple.o
        20          0          0          0          0         68   cfrcmple.o
        56          0          0          0          0         88   d2f.o
       334          0          0          0          0        148   dadd.o
       222          0          0          0          0        100   ddiv.o
       190          0          0          0          0        176   depilogue.o
       228          0          0          0          0         96   dmul.o
        46          0          0          0          0         80   dscalb.o
       162          0          0          0          0        100   dsqrt.o
        38          0          0          0          0         68   f2d.o
       176          0          0          0          0        140   fadd.o
       128          0          0          0          0         88   fdiv.o
       108          0          0          0          0        168   fepilogue.o
        50          0          0          0          0         68   ffixi.o
        40          0          0          0          0         68   ffixui.o
        18          0          0          0          0         68   fflti.o
        10          0          0          0          0         68   ffltui.o
       108          0          0          0          0         76   fmul.o

    ----------------------------------------------------------------------
      5468        244        240          8          0       3612   Library Totals
         8          0          0          0          0          0   (incl. Padding)

    ----------------------------------------------------------------------

      Code (inc. data)   RO Data    RW Data    ZI Data      Debug   Library Name

      1870        166        240          0          0        752   m_ws.l
      1596         76          0          8          0       1056   mc_w.l
      1994          2          0          0          0       1804   mf_w.l

    ----------------------------------------------------------------------
      5468        244        240          8          0       3612   Library Totals

    ----------------------------------------------------------------------

==============================================================================


      Code (inc. data)   RO Data    RW Data    ZI Data      Debug   

     29408       1906       3800        160       1056     384565   Grand Totals
     29408       1906       3800        160       1056     384565   ELF Image Totals
     29408       1906       3800        160          0          0   ROM Totals

==============================================================================

    Total RO  Size (Code + RO Data)                33208 (  32.43kB)
    Total RW  Size (RW Data + ZI Data)              1216 (   1.19kB)
    Total ROM Size (Code + RO Data + RW Data)      33368 (  32.59kB)

==============================================================================

